Component: ARM Compiler 5.06 update 7 (build 960) Tool: armlink [4d3601]

==============================================================================

Section Cross References

    startup_stm32f446xx.o(RESET) refers to startup_stm32f446xx.o(STACK) for __initial_sp
    startup_stm32f446xx.o(RESET) refers to startup_stm32f446xx.o(.text) for Reset_Handler
    startup_stm32f446xx.o(RESET) refers to stm32f4xx_it.o(i.NMI_Handler) for NMI_Handler
    startup_stm32f446xx.o(RESET) refers to stm32f4xx_it.o(i.HardFault_Handler) for HardFault_Handler
    startup_stm32f446xx.o(RESET) refers to stm32f4xx_it.o(i.MemManage_Handler) for MemManage_Handler
    startup_stm32f446xx.o(RESET) refers to stm32f4xx_it.o(i.BusFault_Handler) for BusFault_Handler
    startup_stm32f446xx.o(RESET) refers to stm32f4xx_it.o(i.UsageFault_Handler) for UsageFault_Handler
    startup_stm32f446xx.o(RESET) refers to stm32f4xx_it.o(i.SVC_Handler) for SVC_Handler
    startup_stm32f446xx.o(RESET) refers to stm32f4xx_it.o(i.DebugMon_Handler) for DebugMon_Handler
    startup_stm32f446xx.o(RESET) refers to stm32f4xx_it.o(i.PendSV_Handler) for PendSV_Handler
    startup_stm32f446xx.o(RESET) refers to stm32f4xx_it.o(i.SysTick_Handler) for SysTick_Handler
    startup_stm32f446xx.o(RESET) refers to stm32f4xx_it.o(i.EXTI0_IRQHandler) for EXTI0_IRQHandler
    startup_stm32f446xx.o(RESET) refers to stm32f4xx_it.o(i.DMA1_Stream3_IRQHandler) for DMA1_Stream3_IRQHandler
    startup_stm32f446xx.o(RESET) refers to stm32f4xx_it.o(i.SPI1_IRQHandler) for SPI1_IRQHandler
    startup_stm32f446xx.o(RESET) refers to stm32f4xx_it.o(i.USART1_IRQHandler) for USART1_IRQHandler
    startup_stm32f446xx.o(RESET) refers to stm32f4xx_it.o(i.USART3_IRQHandler) for USART3_IRQHandler
    startup_stm32f446xx.o(RESET) refers to stm32f4xx_it.o(i.UART5_IRQHandler) for UART5_IRQHandler
    startup_stm32f446xx.o(RESET) refers to stm32f4xx_it.o(i.DMA2_Stream7_IRQHandler) for DMA2_Stream7_IRQHandler
    startup_stm32f446xx.o(.text) refers to system_stm32f4xx.o(i.SystemInit) for SystemInit
    startup_stm32f446xx.o(.text) refers to entry.o(.ARM.Collect$$$$00000000) for __main
    main.o(i.SystemClock_Config) refers to memseta.o(.text) for __aeabi_memclr4
    main.o(i.SystemClock_Config) refers to stm32f4xx_hal_rcc_ex.o(i.HAL_RCC_OscConfig) for HAL_RCC_OscConfig
    main.o(i.SystemClock_Config) refers to main.o(i.Error_Handler) for Error_Handler
    main.o(i.SystemClock_Config) refers to stm32f4xx_hal_rcc.o(i.HAL_RCC_ClockConfig) for HAL_RCC_ClockConfig
    main.o(i.main) refers to task_scheduler.o(i.TaskSchedulerInit) for TaskSchedulerInit
    main.o(i.main) refers to stm32f4xx_hal.o(i.HAL_Init) for HAL_Init
    main.o(i.main) refers to main.o(i.SystemClock_Config) for SystemClock_Config
    main.o(i.main) refers to gpio.o(i.MX_GPIO_Init) for MX_GPIO_Init
    main.o(i.main) refers to dma.o(i.MX_DMA_Init) for MX_DMA_Init
    main.o(i.main) refers to spi.o(i.MX_SPI1_Init) for MX_SPI1_Init
    main.o(i.main) refers to usart.o(i.MX_USART1_UART_Init) for MX_USART1_UART_Init
    main.o(i.main) refers to usart.o(i.MX_UART5_Init) for MX_UART5_Init
    main.o(i.main) refers to tim.o(i.MX_TIM1_Init) for MX_TIM1_Init
    main.o(i.main) refers to tim.o(i.MX_TIM3_Init) for MX_TIM3_Init
    main.o(i.main) refers to tim.o(i.MX_TIM12_Init) for MX_TIM12_Init
    main.o(i.main) refers to tim.o(i.MX_TIM2_Init) for MX_TIM2_Init
    main.o(i.main) refers to usart.o(i.MX_USART3_UART_Init) for MX_USART3_UART_Init
    main.o(i.main) refers to tim.o(i.MX_TIM8_Init) for MX_TIM8_Init
    main.o(i.main) refers to task.o(i.TaskInit) for TaskInit
    main.o(i.main) refers to task_scheduler.o(i.TaskSchedulerMainLoop) for TaskSchedulerMainLoop
    gpio.o(i.MX_GPIO_Init) refers to memseta.o(.text) for __aeabi_memclr4
    gpio.o(i.MX_GPIO_Init) refers to stm32f4xx_hal_gpio.o(i.HAL_GPIO_WritePin) for HAL_GPIO_WritePin
    gpio.o(i.MX_GPIO_Init) refers to stm32f4xx_hal_gpio.o(i.HAL_GPIO_Init) for HAL_GPIO_Init
    gpio.o(i.MX_GPIO_Init) refers to stm32f4xx_hal_cortex.o(i.HAL_NVIC_SetPriority) for HAL_NVIC_SetPriority
    gpio.o(i.MX_GPIO_Init) refers to stm32f4xx_hal_cortex.o(i.HAL_NVIC_EnableIRQ) for HAL_NVIC_EnableIRQ
    dma.o(i.MX_DMA_Init) refers to stm32f4xx_hal_cortex.o(i.HAL_NVIC_SetPriority) for HAL_NVIC_SetPriority
    dma.o(i.MX_DMA_Init) refers to stm32f4xx_hal_cortex.o(i.HAL_NVIC_EnableIRQ) for HAL_NVIC_EnableIRQ
    spi.o(i.HAL_SPI_MspDeInit) refers to stm32f4xx_hal_gpio.o(i.HAL_GPIO_DeInit) for HAL_GPIO_DeInit
    spi.o(i.HAL_SPI_MspDeInit) refers to stm32f4xx_hal_cortex.o(i.HAL_NVIC_DisableIRQ) for HAL_NVIC_DisableIRQ
    spi.o(i.HAL_SPI_MspInit) refers to memseta.o(.text) for __aeabi_memclr4
    spi.o(i.HAL_SPI_MspInit) refers to stm32f4xx_hal_gpio.o(i.HAL_GPIO_Init) for HAL_GPIO_Init
    spi.o(i.HAL_SPI_MspInit) refers to stm32f4xx_hal_cortex.o(i.HAL_NVIC_SetPriority) for HAL_NVIC_SetPriority
    spi.o(i.HAL_SPI_MspInit) refers to stm32f4xx_hal_cortex.o(i.HAL_NVIC_EnableIRQ) for HAL_NVIC_EnableIRQ
[...]
    i.MX_USART1_UART_Init                    0x08005590   Section        0  usart.o(i.MX_USART1_UART_Init)
    i.MX_USART3_UART_Init                    0x080055c8   Section        0  usart.o(i.MX_USART3_UART_Init)
    i.MemManage_Handler                      0x08005600   Section        0  stm32f4xx_it.o(i.MemManage_Handler)
    i.NMI_Handler                            0x08005604   Section        0  stm32f4xx_it.o(i.NMI_Handler)
    i.PendSV_Handler                         0x08005608   Section        0  stm32f4xx_it.o(i.PendSV_Handler)
    i.RingBufferDeinit                       0x0800560a   Section        0  ring_buffer.o(i.RingBufferDeinit)
    i.RingBufferGetDistanceToBoundary        0x08005628   Section        0  ring_buffer.o(i.RingBufferGetDistanceToBoundary)
    i.RingBufferGetTail                      0x08005642   Section        0  ring_buffer.o(i.RingBufferGetTail)
    i.RingBufferInit                         0x08005656   Section        0  ring_buffer.o(i.RingBufferInit)
    i.RingBufferIsEmpty                      0x0800568e   Section        0  ring_buffer.o(i.RingBufferIsEmpty)
    i.RingBufferPop                          0x080056b0   Section        0  ring_buffer.o(i.RingBufferPop)
    i.RingBufferPush                         0x0800575e   Section        0  ring_buffer.o(i.RingBufferPush)
    i.SPI1_IRQHandler                        0x08005800   Section        0  stm32f4xx_it.o(i.SPI1_IRQHandler)
    i.SPI_DMAAbortOnError                    0x08005810   Section        0  stm32f4xx_hal_spi.o(i.SPI_DMAAbortOnError)
    SPI_DMAAbortOnError                      0x08005811   Thumb Code    20  stm32f4xx_hal_spi.o(i.SPI_DMAAbortOnError)
    i.SPI_EndRxTransaction                   0x08005824   Section        0  stm32f4xx_hal_spi.o(i.SPI_EndRxTransaction)
    SPI_EndRxTransaction                     0x08005825   Thumb Code   148  stm32f4xx_hal_spi.o(i.SPI_EndRxTransaction)
    i.SPI_EndRxTxTransaction                 0x080058b8   Section        0  stm32f4xx_hal_spi.o(i.SPI_EndRxTxTransaction)
    SPI_EndRxTxTransaction                   0x080058b9   Thumb Code   100  stm32f4xx_hal_spi.o(i.SPI_EndRxTxTransaction)
    i.SPI_WaitFlagStateUntilTimeout          0x08005924   Section        0  stm32f4xx_hal_spi.o(i.SPI_WaitFlagStateUntilTimeout)
    SPI_WaitFlagStateUntilTimeout            0x08005925   Thumb Code   210  stm32f4xx_hal_spi.o(i.SPI_WaitFlagStateUntilTimeout)
    i.SVC_Handler                            0x080059fc   Section        0  stm32f4xx_it.o(i.SVC_Handler)
    i.StimulationTaskEntry                   0x08005a00   Section        0  stimulation_task.o(i.StimulationTaskEntry)
    i.SysTick_Handler                        0x08005a70   Section        0  stm32f4xx_it.o(i.SysTick_Handler)
    i.SystemClock_Config                     0x08005a7c   Section        0  main.o(i.SystemClock_Config)
    i.SystemInit                             0x08005b30   Section        0  system_stm32f4xx.o(i.SystemInit)
    i.TIM_Base_SetConfig                     0x08005b44   Section        0  stm32f4xx_hal_tim.o(i.TIM_Base_SetConfig)
    i.TIM_CCxChannelCmd                      0x08005c1c   Section        0  stm32f4xx_hal_tim.o(i.TIM_CCxChannelCmd)
    i.TIM_ETR_SetConfig                      0x08005c3e   Section        0  stm32f4xx_hal_tim.o(i.TIM_ETR_SetConfig)
    i.TIM_ITRx_SetConfig                     0x08005c54   Section        0  stm32f4xx_hal_tim.o(i.TIM_ITRx_SetConfig)
    TIM_ITRx_SetConfig                       0x08005c55   Thumb Code    18  stm32f4xx_hal_tim.o(i.TIM_ITRx_SetConfig)
    i.TIM_OC1_SetConfig                      0x08005c68   Section        0  stm32f4xx_hal_tim.o(i.TIM_OC1_SetConfig)
    TIM_OC1_SetConfig                        0x08005c69   Thumb Code   104  stm32f4xx_hal_tim.o(i.TIM_OC1_SetConfig)
    i.TIM_OC2_SetConfig                      0x08005cd8   Section        0  stm32f4xx_hal_tim.o(i.TIM_OC2_SetConfig)
    i.TIM_OC3_SetConfig                      0x08005d54   Section        0  stm32f4xx_hal_tim.o(i.TIM_OC3_SetConfig)
    TIM_OC3_SetConfig                        0x08005d55   Thumb Code   112  stm32f4xx_hal_tim.o(i.TIM_OC3_SetConfig)
    i.TIM_OC4_SetConfig                      0x08005dcc   Section        0  stm32f4xx_hal_tim.o(i.TIM_OC4_SetConfig)
    TIM_OC4_SetConfig                        0x08005dcd   Thumb Code    74  stm32f4xx_hal_tim.o(i.TIM_OC4_SetConfig)
    i.TIM_TI1_ConfigInputStage               0x08005e20   Section        0  stm32f4xx_hal_tim.o(i.TIM_TI1_ConfigInputStage)
    TIM_TI1_ConfigInputStage                 0x08005e21   Thumb Code    38  stm32f4xx_hal_tim.o(i.TIM_TI1_ConfigInputStage)
    i.TIM_TI2_ConfigInputStage               0x08005e46   Section        0  stm32f4xx_hal_tim.o(i.TIM_TI2_ConfigInputStage)
    TIM_TI2_ConfigInputStage                 0x08005e47   Thumb Code    40  stm32f4xx_hal_tim.o(i.TIM_TI2_ConfigInputStage)
    i.TaskCreate                             0x08005e70   Section        0  task_scheduler.o(i.TaskCreate)
    i.TaskInit                               0x08005f50   Section        0  task.o(i.TaskInit)
    i.TaskSchedulerInit                      0x08006038   Section        0  task_scheduler.o(i.TaskSchedulerInit)
    i.TaskSchedulerInterrupt                 0x08006068   Section        0  task_scheduler.o(i.TaskSchedulerInterrupt)
    i.TaskSchedulerMainLoop                  0x080060ec   Section        0  task_scheduler.o(i.TaskSchedulerMainLoop)
    i.UART5_IRQHandler                       0x08006140   Section        0  stm32f4xx_it.o(i.UART5_IRQHandler)
    i.UART_DMAAbortOnError                   0x0800615c   Section        0  stm32f4xx_hal_uart.o(i.UART_DMAAbortOnError)
    UART_DMAAbortOnError                     0x0800615d   Thumb Code    20  stm32f4xx_hal_uart.o(i.UART_DMAAbortOnError)
    i.UART_DMAError                          0x08006170   Section        0  stm32f4xx_hal_uart.o(i.UART_DMAError)
    UART_DMAError                            0x08006171   Thumb Code    80  stm32f4xx_hal_uart.o(i.UART_DMAError)
    i.UART_DMATransmitCplt                   0x080061c0   Section        0  stm32f4xx_hal_uart.o(i.UART_DMATransmitCplt)
    UART_DMATransmitCplt                     0x080061c1   Thumb Code    88  stm32f4xx_hal_uart.o(i.UART_DMATransmitCplt)
    i.UART_DMATxHalfCplt                     0x08006218   Section        0  stm32f4xx_hal_uart.o(i.UART_DMATxHalfCplt)
    UART_DMATxHalfCplt                       0x08006219   Thumb Code    14  stm32f4xx_hal_uart.o(i.UART_DMATxHalfCplt)
    i.UART_EndRxTransfer                     0x08006226   Section        0  stm32f4xx_hal_uart.o(i.UART_EndRxTransfer)
    UART_EndRxTransfer                       0x08006227   Thumb Code   108  stm32f4xx_hal_uart.o(i.UART_EndRxTransfer)
    i.UART_EndTransmit_IT                    0x08006292   Section        0  stm32f4xx_hal_uart.o(i.UART_EndTransmit_IT)
    UART_EndTransmit_IT                      0x08006293   Thumb Code    32  stm32f4xx_hal_uart.o(i.UART_EndTransmit_IT)
    i.UART_EndTxTransfer                     0x080062b2   Section        0  stm32f4xx_hal_uart.o(i.UART_EndTxTransfer)
    UART_EndTxTransfer                       0x080062b3   Thumb Code    38  stm32f4xx_hal_uart.o(i.UART_EndTxTransfer)
    i.UART_InitCallbacksToDefault            0x080062d8   Section        0  stm32f4xx_hal_uart.o(i.UART_InitCallbacksToDefault)
    i.UART_Receive_IT                        0x08006324   Section        0  stm32f4xx_hal_uart.o(i.UART_Receive_IT)
    UART_Receive_IT                          0x08006325   Thumb Code   248  stm32f4xx_hal_uart.o(i.UART_Receive_IT)
    i.UART_SetConfig                         0x0800641c   Section        0  stm32f4xx_hal_uart.o(i.UART_SetConfig)
    UART_SetConfig                           0x0800641d   Thumb Code   546  stm32f4xx_hal_uart.o(i.UART_SetConfig)
    i.UART_Start_Receive_IT                  0x08006648   Section        0  stm32f4xx_hal_uart.o(i.UART_Start_Receive_IT)
    i.UART_Transmit_IT                       0x08006692   Section        0  stm32f4xx_hal_uart.o(i.UART_Transmit_IT)
    UART_Transmit_IT                         0x08006693   Thumb Code    96  stm32f4xx_hal_uart.o(i.UART_Transmit_IT)
    i.USART1_IRQHandler                      0x080066f4   Section        0  stm32f4xx_it.o(i.USART1_IRQHandler)
    i.USART3_IRQHandler                      0x08006704   Section        0  stm32f4xx_it.o(i.USART3_IRQHandler)
    i.UartDataFlushTaskEntry                 0x08006714   Section        0  uart_task.o(i.UartDataFlushTaskEntry)
    i.UartExtFlush                           0x0800673c   Section        0  uart_ext.o(i.UartExtFlush)
    i.UartExtInit                            0x08006790   Section        0  uart_ext.o(i.UartExtInit)
    i.UartExtTxCpltCallback                  0x08006868   Section        0  uart_ext.o(i.UartExtTxCpltCallback)
    UartExtTxCpltCallback                    0x08006869   Thumb Code    26  uart_ext.o(i.UartExtTxCpltCallback)
    i.UartExtTxCpltCallback_0                0x08006884   Section        0  uart_ext.o(i.UartExtTxCpltCallback_0)
    UartExtTxCpltCallback_0                  0x08006885   Thumb Code    16  uart_ext.o(i.UartExtTxCpltCallback_0)
    i.UartExtTxCpltCallback_1                0x08006898   Section        0  uart_ext.o(i.UartExtTxCpltCallback_1)
    UartExtTxCpltCallback_1                  0x08006899   Thumb Code    16  uart_ext.o(i.UartExtTxCpltCallback_1)
    i.UartExtTxCpltCallback_10               0x080068ac   Section        0  uart_ext.o(i.UartExtTxCpltCallback_10)
    UartExtTxCpltCallback_10                 0x080068ad   Thumb Code    16  uart_ext.o(i.UartExtTxCpltCallback_10)
    i.UartExtTxCpltCallback_11               0x080068c0   Section        0  uart_ext.o(i.UartExtTxCpltCallback_11)
    UartExtTxCpltCallback_11                 0x080068c1   Thumb Code    16  uart_ext.o(i.UartExtTxCpltCallback_11)
    i.UartExtTxCpltCallback_12               0x080068d4   Section        0  uart_ext.o(i.UartExtTxCpltCallback_12)
    UartExtTxCpltCallback_12                 0x080068d5   Thumb Code    16  uart_ext.o(i.UartExtTxCpltCallback_12)
    i.UartExtTxCpltCallback_13               0x080068e8   Section        0  uart_ext.o(i.UartExtTxCpltCallback_13)
    UartExtTxCpltCallback_13                 0x080068e9   Thumb Code    16  uart_ext.o(i.UartExtTxCpltCallback_13)
    i.UartExtTxCpltCallback_14               0x080068fc   Section        0  uart_ext.o(i.UartExtTxCpltCallback_14)
    UartExtTxCpltCallback_14                 0x080068fd   Thumb Code    16  uart_ext.o(i.UartExtTxCpltCallback_14)
    i.UartExtTxCpltCallback_15               0x08006910   Section        0  uart_ext.o(i.UartExtTxCpltCallback_15)
    UartExtTxCpltCallback_15                 0x08006911   Thumb Code    16  uart_ext.o(i.UartExtTxCpltCallback_15)
    i.UartExtTxCpltCallback_2                0x08006924   Section        0  uart_ext.o(i.UartExtTxCpltCallback_2)
    UartExtTxCpltCallback_2                  0x08006925   Thumb Code    16  uart_ext.o(i.UartExtTxCpltCallback_2)
    i.UartExtTxCpltCallback_3                0x08006938   Section        0  uart_ext.o(i.UartExtTxCpltCallback_3)
    UartExtTxCpltCallback_3                  0x08006939   Thumb Code    16  uart_ext.o(i.UartExtTxCpltCallback_3)
    i.UartExtTxCpltCallback_4                0x0800694c   Section        0  uart_ext.o(i.UartExtTxCpltCallback_4)
    UartExtTxCpltCallback_4                  0x0800694d   Thumb Code    16  uart_ext.o(i.UartExtTxCpltCallback_4)
    i.UartExtTxCpltCallback_5                0x08006960   Section        0  uart_ext.o(i.UartExtTxCpltCallback_5)
    UartExtTxCpltCallback_5                  0x08006961   Thumb Code    16  uart_ext.o(i.UartExtTxCpltCallback_5)
    i.UartExtTxCpltCallback_6                0x08006974   Section        0  uart_ext.o(i.UartExtTxCpltCallback_6)
    UartExtTxCpltCallback_6                  0x08006975   Thumb Code    16  uart_ext.o(i.UartExtTxCpltCallback_6)
    i.UartExtTxCpltCallback_7                0x08006988   Section        0  uart_ext.o(i.UartExtTxCpltCallback_7)
    UartExtTxCpltCallback_7                  0x08006989   Thumb Code    16  uart_ext.o(i.UartExtTxCpltCallback_7)
    i.UartExtTxCpltCallback_8                0x0800699c   Section        0  uart_ext.o(i.UartExtTxCpltCallback_8)
    UartExtTxCpltCallback_8                  0x0800699d   Thumb Code    16  uart_ext.o(i.UartExtTxCpltCallback_8)
    i.UartExtTxCpltCallback_9                0x080069b0   Section        0  uart_ext.o(i.UartExtTxCpltCallback_9)
    UartExtTxCpltCallback_9                  0x080069b1   Thumb Code    16  uart_ext.o(i.UartExtTxCpltCallback_9)
    i.UartTaskInit                           0x080069c4   Section        0  uart_task.o(i.UartTaskInit)
    i.UsageFault_Handler                     0x08006a18   Section        0  stm32f4xx_it.o(i.UsageFault_Handler)
    i.__0vsnprintf                           0x08006a1c   Section        0  printfa.o(i.__0vsnprintf)
    i.__NVIC_GetPriorityGrouping             0x08006a50   Section        0  stm32f4xx_hal_cortex.o(i.__NVIC_GetPriorityGrouping)
    __NVIC_GetPriorityGrouping               0x08006a51   Thumb Code    10  stm32f4xx_hal_cortex.o(i.__NVIC_GetPriorityGrouping)
    i.__NVIC_SetPriority                     0x08006a60   Section        0  stm32f4xx_hal_cortex.o(i.__NVIC_SetPriority)
    __NVIC_SetPriority                       0x08006a61   Thumb Code    32  stm32f4xx_hal_cortex.o(i.__NVIC_SetPriority)
    i.__scatterload_copy                     0x08006a88   Section       14  handlers.o(i.__scatterload_copy)
    i.__scatterload_null                     0x08006a96   Section        2  handlers.o(i.__scatterload_null)
    i.__scatterload_zeroinit                 0x08006a98   Section       14  handlers.o(i.__scatterload_zeroinit)
    i.__set_errno                            0x08006aa8   Section        0  errno.o(i.__set_errno)
    i._fp_digits                             0x08006ab4   Section        0  printfa.o(i._fp_digits)
    _fp_digits                               0x08006ab5   Thumb Code   366  printfa.o(i._fp_digits)
    i._printf_core                           0x08006c38   Section        0  printfa.o(i._printf_core)
    _printf_core                             0x08006c39   Thumb Code  1704  printfa.o(i._printf_core)
    i._printf_post_padding                   0x080072ec   Section        0  printfa.o(i._printf_post_padding)
    _printf_post_padding                     0x080072ed   Thumb Code    36  printfa.o(i._printf_post_padding)
    i._printf_pre_padding                    0x08007310   Section        0  printfa.o(i._printf_pre_padding)
    _printf_pre_padding                      0x08007311   Thumb Code    46  printfa.o(i._printf_pre_padding)
    i._snputc                                0x0800733e   Section        0  printfa.o(i._snputc)
    _snputc                                  0x0800733f   Thumb Code    22  printfa.o(i._snputc)
    i.cCarIsRacing                           0x08007354   Section        0  frequency_meter_task.o(i.cCarIsRacing)
    cCarIsRacing                             0x08007355   Thumb Code   132  frequency_meter_task.o(i.cCarIsRacing)
    i.free                                   0x080073d8   Section        0  malloc.o(i.free)
    i.main                                   0x08007428   Section        0  main.o(i.main)
    i.malloc                                 0x0800746c   Section        0  malloc.o(i.malloc)
    i.sqrtf                                  0x080074d8   Section        0  sqrtf.o(i.sqrtf)
    .constdata                               0x08007516   Section        8  stm32f4xx_hal_dma.o(.constdata)
    flagBitshiftOffset                       0x08007516   Data           8  stm32f4xx_hal_dma.o(.constdata)
    .constdata                               0x0800751e   Section       24  system_stm32f4xx.o(.constdata)
    .constdata                               0x08007538   Section      944  fdacoefs.o(.constdata)
    .data                                    0x20000000   Section        2  usart.o(.data)
    .data                                    0x20000004   Section        9  stm32f4xx_hal.o(.data)
    .data                                    0x20000010   Section        4  system_stm32f4xx.o(.data)
    .data                                    0x20000018   Section       42  ads1299_task.o(.data)
    .data                                    0x20000044   Section        8  dip_task.o(.data)
    .data                                    0x2000004c   Section        5  getstimulation_task.o(.data)
    .data                                    0x20000054   Section       68  uart_ext.o(.data)
    .data                                    0x20000098   Section        4  mvars.o(.data)
    .data                                    0x2000009c   Section        4  mvars.o(.data)
    .data                                    0x200000a0   Section        4  errno.o(.data)
    _errno                                   0x200000a0   Data           4  errno.o(.data)
    .bss                                     0x200000a4   Section       88  spi.o(.bss)
    .bss                                     0x200000fc   Section      360  tim.o(.bss)
    .bss                                     0x20000264   Section      540  usart.o(.bss)
    .bss                                     0x20000480   Section      224  task.o(.bss)
    .bss                                     0x20000560   Section     5232  ads1299_task.o(.bss)
    .bss                                     0x200019d0   Section       20  uart_task.o(.bss)
    .bss                                     0x200019e4   Section       64  bluetooth_task.o(.bss)
    buffer                                   0x200019e4   Data          64  bluetooth_task.o(.bss)
    .bss                                     0x20001a24   Section       64  uart_ext.o(.bss)
    .bss                                     0x20001a64   Section       40  task_scheduler.o(.bss)
    HEAP                                     0x20001a90   Section    36864  startup_stm32f446xx.o(HEAP)
    STACK                                    0x2000aa90   Section    36864  startup_stm32f446xx.o(STACK)

    Global Symbols

    Symbol Name                              Value     Ov Type        Size  Object(Section)

    BuildAttributes$$THM_ISAv4$E$P$D$K$B$S$7EM$VFPi3$EXTD16$VFPS$VFMA$PE$A:L22UL41UL21$X:L11$S22US41US21$IEEE1$IW$USESV6$~STKCKD$USESV7$~SHL$OTIME$ROPI$IEEEJ$EBA8$MICROLIB$REQ8$PRES8$EABIv2 0x00000000   Number         0  anon$$obj.o ABSOLUTE
    __ARM_use_no_argv                        0x00000000   Number         0  main.o ABSOLUTE
    __arm_fini_                               - Undefined Weak Reference
    __cpp_initialize__aeabi_                  - Undefined Weak Reference
    __cxa_finalize                            - Undefined Weak Reference
    __decompress                              - Undefined Weak Reference
    _clock_init                               - Undefined Weak Reference
    _microlib_exit                            - Undefined Weak Reference
    __Vectors_Size                           0x000001c4   Number         0  startup_stm32f446xx.o ABSOLUTE
    __Vectors                                0x08000000   Data           4  startup_stm32f446xx.o(RESET)
    __Vectors_End                            0x080001c4   Data           0  startup_stm32f446xx.o(RESET)
    __main                                   0x080001c5   Thumb Code     0  entry.o(.ARM.Collect$$$$00000000)
    _main_stk                                0x080001c5   Thumb Code     0  entry2.o(.ARM.Collect$$$$00000001)
    _main_scatterload                        0x080001c9   Thumb Code     0  entry5.o(.ARM.Collect$$$$00000004)
    __main_after_scatterload                 0x080001cd   Thumb Code     0  entry5.o(.ARM.Collect$$$$00000004)
    _main_clock                              0x080001cd   Thumb Code     0  entry7b.o(.ARM.Collect$$$$00000008)
    _main_cpp_init                           0x080001cd   Thumb Code     0  entry8b.o(.ARM.Collect$$$$0000000A)
    _main_init                               0x080001cd   Thumb Code     0  entry9a.o(.ARM.Collect$$$$0000000B)
    __rt_lib_shutdown_fini                   0x080001d5   Thumb Code     0  entry12b.o(.ARM.Collect$$$$0000000E)
    __rt_final_cpp                           0x080001d9   Thumb Code     0  entry10a.o(.ARM.Collect$$$$0000000F)
    __rt_final_exit                          0x080001d9   Thumb Code     0  entry11a.o(.ARM.Collect$$$$00000011)
    Reset_Handler                            0x080001dd   Thumb Code     8  startup_stm32f446xx.o(.text)
    ADC_IRQHandler                           0x080001f7   Thumb Code     0  startup_stm32f446xx.o(.text)
    CAN1_RX0_IRQHandler                      0x080001f7   Thumb Code     0  startup_stm32f446xx.o(.text)
    CAN1_RX1_IRQHandler                      0x080001f7   Thumb Code     0  startup_stm32f446xx.o(.text)
    CAN1_SCE_IRQHandler                      0x080001f7   Thumb Code     0  startup_stm32f446xx.o(.text)
    CAN1_TX_IRQHandler                       0x080001f7   Thumb Code     0  startup_stm32f446xx.o(.text)
    CAN2_RX0_IRQHandler                      0x080001f7   Thumb Code     0  startup_stm32f446xx.o(.text)
    CAN2_RX1_IRQHandler                      0x080001f7   Thumb Code     0  startup_stm32f446xx.o(.text)
    CAN2_SCE_IRQHandler                      0x080001f7   Thumb Code     0  startup_stm32f446xx.o(.text)
    CAN2_TX_IRQHandler                       0x080001f7   Thumb Code     0  startup_stm32f446xx.o(.text)
    CEC_IRQHandler                           0x080001f7   Thumb Code     0  startup_stm32f446xx.o(.text)
    DCMI_IRQHandler                          0x080001f7   Thumb Code     0  startup_stm32f446xx.o(.text)
    DMA1_Stream0_IRQHandler                  0x080001f7   Thumb Code     0  startup_stm32f446xx.o(.text)
    DMA1_Stream1_IRQHandler                  0x080001f7   Thumb Code     0  startup_stm32f446xx.o(.text)
    DMA1_Stream2_IRQHandler                  0x080001f7   Thumb Code     0  startup_stm32f446xx.o(.text)
    DMA1_Stream4_IRQHandler                  0x080001f7   Thumb Code     0  startup_stm32f446xx.o(.text)
    DMA1_Stream5_IRQHandler                  0x080001f7   Thumb Code     0  startup_stm32f446xx.o(.text)
    DMA1_Stream6_IRQHandler                  0x080001f7   Thumb Code     0  startup_stm32f446xx.o(.text)
    DMA1_Stream7_IRQHandler                  0x080001f7   Thumb Code     0  startup_stm32f446xx.o(.text)
    DMA2_Stream0_IRQHandler                  0x080001f7   Thumb Code     0  startup_stm32f446xx.o(.text)
    DMA2_Stream1_IRQHandler                  0x080001f7   Thumb Code     0  startup_stm32f446xx.o(.text)
    DMA2_Stream2_IRQHandler                  0x080001f7   Thumb Code     0  startup_stm32f446xx.o(.text)
    DMA2_Stream3_IRQHandler                  0x080001f7   Thumb Code     0  startup_stm32f446xx.o(.text)
    DMA2_Stream4_IRQHandler                  0x080001f7   Thumb Code     0  startup_stm32f446xx.o(.text)
    DMA2_Stream5_IRQHandler                  0x080001f7   Thumb Code     0  startup_stm32f446xx.o(.text)
    DMA2_Stream6_IRQHandler                  0x080001f7   Thumb Code     0  startup_stm32f446xx.o(.text)
    EXTI15_10_IRQHandler                     0x080001f7   Thumb Code     0  startup_stm32f446xx.o(.text)
    EXTI1_IRQHandler                         0x080001f7   Thumb Code     0  startup_stm32f446xx.o(.text)
    EXTI2_IRQHandler                         0x080001f7   Thumb Code     0  startup_stm32f446xx.o(.text)
    EXTI3_IRQHandler                         0x080001f7   Thumb Code     0  startup_stm32f446xx.o(.text)
    EXTI4_IRQHandler                         0x080001f7   Thumb Code     0  startup_stm32f446xx.o(.text)
    EXTI9_5_IRQHandler                       0x080001f7   Thumb Code     0  startup_stm32f446xx.o(.text)
    FLASH_IRQHandler                         0x080001f7   Thumb Code     0  startup_stm32f446xx.o(.text)
    FMC_IRQHandler                           0x080001f7   Thumb Code     0  startup_stm32f446xx.o(.text)
    FMPI2C1_ER_IRQHandler                    0x080001f7   Thumb Code     0  startup_stm32f446xx.o(.text)
    FMPI2C1_EV_IRQHandler                    0x080001f7   Thumb Code     0  startup_stm32f446xx.o(.text)
    FPU_IRQHandler                           0x080001f7   Thumb Code     0  startup_stm32f446xx.o(.text)
    I2C1_ER_IRQHandler                       0x080001f7   Thumb Code     0  startup_stm32f446xx.o(.text)
    I2C1_EV_IRQHandler                       0x080001f7   Thumb Code     0  startup_stm32f446xx.o(.text)
    I2C2_ER_IRQHandler                       0x080001f7   Thumb Code     0  startup_stm32f446xx.o(.text)
    I2C2_EV_IRQHandler                       0x080001f7   Thumb Code     0  startup_stm32f446xx.o(.text)
    I2C3_ER_IRQHandler                       0x080001f7   Thumb Code     0  startup_stm32f446xx.o(.text)
    I2C3_EV_IRQHandler                       0x080001f7   Thumb Code     0  startup_stm32f446xx.o(.text)
    OTG_FS_IRQHandler                        0x080001f7   Thumb Code     0  startup_stm32f446xx.o(.text)
    OTG_FS_WKUP_IRQHandler                   0x080001f7   Thumb Code     0  startup_stm32f446xx.o(.text)
    OTG_HS_EP1_IN_IRQHandler                 0x080001f7   Thumb Code     0  startup_stm32f446xx.o(.text)
    OTG_HS_EP1_OUT_IRQHandler                0x080001f7   Thumb Code     0  startup_stm32f446xx.o(.text)
    OTG_HS_IRQHandler                        0x080001f7   Thumb Code     0  startup_stm32f446xx.o(.text)
    OTG_HS_WKUP_IRQHandler                   0x080001f7   Thumb Code     0  startup_stm32f446xx.o(.text)
    PVD_IRQHandler                           0x080001f7   Thumb Code     0  startup_stm32f446xx.o(.text)
    QUADSPI_IRQHandler                       0x080001f7   Thumb Code     0  startup_stm32f446xx.o(.text)
    RCC_IRQHandler                           0x080001f7   Thumb Code     0  startup_stm32f446xx.o(.text)
    RTC_Alarm_IRQHandler                     0x080001f7   Thumb Code     0  startup_stm32f446xx.o(.text)
    RTC_WKUP_IRQHandler                      0x080001f7   Thumb Code     0  startup_stm32f446xx.o(.text)
    SAI1_IRQHandler                          0x080001f7   Thumb Code     0  startup_stm32f446xx.o(.text)
    SAI2_IRQHandler                          0x080001f7   Thumb Code     0  startup_stm32f446xx.o(.text)
    SDIO_IRQHandler                          0x080001f7   Thumb Code     0  startup_stm32f446xx.o(.text)
    SPDIF_RX_IRQHandler                      0x080001f7   Thumb Code     0  startup_stm32f446xx.o(.text)
    SPI2_IRQHandler                          0x080001f7   Thumb Code     0  startup_stm32f446xx.o(.text)
    SPI3_IRQHandler                          0x080001f7   Thumb Code     0  startup_stm32f446xx.o(.text)
    SPI4_IRQHandler                          0x080001f7   Thumb Code     0  startup_stm32f446xx.o(.text)
    TAMP_STAMP_IRQHandler                    0x080001f7   Thumb Code     0  startup_stm32f446xx.o(.text)
    TIM1_BRK_TIM9_IRQHandler                 0x080001f7   Thumb Code     0  startup_stm32f446xx.o(.text)
    TIM1_CC_IRQHandler                       0x080001f7   Thumb Code     0  startup_stm32f446xx.o(.text)
    TIM1_TRG_COM_TIM11_IRQHandler            0x080001f7   Thumb Code     0  startup_stm32f446xx.o(.text)
    TIM1_UP_TIM10_IRQHandler                 0x080001f7   Thumb Code     0  startup_stm32f446xx.o(.text)
    TIM2_IRQHandler                          0x080001f7   Thumb Code     0  startup_stm32f446xx.o(.text)
    TIM3_IRQHandler                          0x080001f7   Thumb Code     0  startup_stm32f446xx.o(.text)
    TIM4_IRQHandler                          0x080001f7   Thumb Code     0  startup_stm32f446xx.o(.text)
    TIM5_IRQHandler                          0x080001f7   Thumb Code     0  startup_stm32f446xx.o(.text)
    TIM6_DAC_IRQHandler                      0x080001f7   Thumb Code     0  startup_stm32f446xx.o(.text)
    TIM7_IRQHandler                          0x080001f7   Thumb Code     0  startup_stm32f446xx.o(.text)
    TIM8_BRK_TIM12_IRQHandler                0x080001f7   Thumb Code     0  startup_stm32f446xx.o(.text)
    TIM8_CC_IRQHandler                       0x080001f7   Thumb Code     0  startup_stm32f446xx.o(.text)
    TIM8_TRG_COM_TIM14_IRQHandler            0x080001f7   Thumb Code     0  startup_stm32f446xx.o(.text)
    TIM8_UP_TIM13_IRQHandler                 0x080001f7   Thumb Code     0  startup_stm32f446xx.o(.text)
    UART4_IRQHandler                         0x080001f7   Thumb Code     0  startup_stm32f446xx.o(.text)
    USART2_IRQHandler                        0x080001f7   Thumb Code     0  startup_stm32f446xx.o(.text)
    USART6_IRQHandler                        0x080001f7   Thumb Code     0  startup_stm32f446xx.o(.text)
    WWDG_IRQHandler                          0x080001f7   Thumb Code     0  startup_stm32f446xx.o(.text)
    __aeabi_uldivmod                         0x08000201   Thumb Code    98  uldiv.o(.text)
    __aeabi_llsr                             0x08000263   Thumb Code    32  llushr.o(.text)
    _ll_ushift_r                             0x08000263   Thumb Code     0  llushr.o(.text)
    __aeabi_memcpy                           0x08000283   Thumb Code    36  memcpya.o(.text)
    __aeabi_memcpy4                          0x08000283   Thumb Code     0  memcpya.o(.text)
    __aeabi_memcpy8                          0x08000283   Thumb Code     0  memcpya.o(.text)
    __aeabi_memset                           0x080002a7   Thumb Code    14  memseta.o(.text)
    __aeabi_memset4                          0x080002a7   Thumb Code     0  memseta.o(.text)
    __aeabi_memset8                          0x080002a7   Thumb Code     0  memseta.o(.text)
    __aeabi_memclr                           0x080002b5   Thumb Code     4  memseta.o(.text)
    __aeabi_memclr4                          0x080002b5   Thumb Code     0  memseta.o(.text)
    __aeabi_memclr8                          0x080002b5   Thumb Code     0  memseta.o(.text)
    _memset$wrapper                          0x080002b9   Thumb Code    18  memseta.o(.text)
    __aeabi_fadd                             0x080002cb   Thumb Code   164  fadd.o(.text)
    __aeabi_fsub                             0x0800036f   Thumb Code     6  fadd.o(.text)
    __aeabi_frsub                            0x08000375   Thumb Code     6  fadd.o(.text)
    __aeabi_fmul                             0x0800037b   Thumb Code   100  fmul.o(.text)
    __aeabi_dadd                             0x080003df   Thumb Code   322  dadd.o(.text)
    __aeabi_dsub                             0x08000521   Thumb Code     6  dadd.o(.text)
    __aeabi_drsub                            0x08000527   Thumb Code     6  dadd.o(.text)
    __aeabi_dmul                             0x0800052d   Thumb Code   228  dmul.o(.text)
    __aeabi_ddiv                             0x08000611   Thumb Code   222  ddiv.o(.text)
    __aeabi_i2d                              0x080006ef   Thumb Code    34  dflti.o(.text)
    __aeabi_d2iz                             0x08000711   Thumb Code    62  dfixi.o(.text)
    __aeabi_uidiv                            0x0800074f   Thumb Code     0  uidiv.o(.text)
    __aeabi_uidivmod                         0x0800074f   Thumb Code    44  uidiv.o(.text)
    __aeabi_llsl                             0x0800077b   Thumb Code    30  llshl.o(.text)
    _ll_shift_l                              0x0800077b   Thumb Code     0  llshl.o(.text)
    __aeabi_lasr                             0x08000799   Thumb Code    36  llsshr.o(.text)
    _ll_sshift_r                             0x08000799   Thumb Code     0  llsshr.o(.text)
    __I$use$fp                               0x080007bd   Thumb Code     0  iusefp.o(.text)
    _float_round                             0x080007bd   Thumb Code    18  fepilogue.o(.text)
    _float_epilogue                          0x080007cf   Thumb Code    92  fepilogue.o(.text)
    _double_round                            0x0800082b   Thumb Code    30  depilogue.o(.text)
    _double_epilogue                         0x08000849   Thumb Code   156  depilogue.o(.text)
    __aeabi_d2ulz                            0x080008e5   Thumb Code    48  dfixul.o(.text)
    __aeabi_cdrcmple                         0x08000915   Thumb Code    48  cdrcmple.o(.text)
    __scatterload                            0x08000945   Thumb Code    28  init.o(.text)
    __scatterload_rt2                        0x08000945   Thumb Code     0  init.o(.text)
    arm_bitreversal_f32                      0x08000969   Thumb Code   174  arm_bitreversal.o(.text.arm_bitreversal_f32)
    arm_cfft_radix4_f32                      0x08000a17   Thumb Code    66  arm_cfft_radix4_f32.o(.text.arm_cfft_radix4_f32)
    arm_cfft_radix4_init_f32                 0x08000a59   Thumb Code   124  arm_cfft_radix4_init_f32.o(.text.arm_cfft_radix4_init_f32)
    arm_cmplx_mag_f32                        0x08000ad5   Thumb Code   232  arm_cmplx_mag_f32.o(.text.arm_cmplx_mag_f32)
    arm_radix4_butterfly_f32                 0x08000bbd   Thumb Code  1384  arm_cfft_radix4_f32.o(.text.arm_radix4_butterfly_f32)
    arm_radix4_butterfly_inverse_f32         0x08001125   Thumb Code  1434  arm_cfft_radix4_f32.o(.text.arm_radix4_butterfly_inverse_f32)
    ADS1299ReadByte                          0x080016e5   Thumb Code    72  ads1299.o(i.ADS1299ReadByte)
    ADS1299ReadREG                           0x08001735   Thumb Code   158  ads1299.o(i.ADS1299ReadREG)
    ADS1299SendCommand                       0x08001811   Thumb Code    80  ads1299.o(i.ADS1299SendCommand)
    ADS1299TaskInit                          0x08001869   Thumb Code   258  ads1299_task.o(i.ADS1299TaskInit)
    ADS1299TaskInterruptEntry                0x08001981   Thumb Code   744  ads1299_task.o(i.ADS1299TaskInterruptEntry)
    ADS1299TaskStart                         0x08001ca5   Thumb Code    56  ads1299_task.o(i.ADS1299TaskStart)
    ADS1299WakeUp                            0x08001ce1   Thumb Code    74  ads1299.o(i.ADS1299WakeUp)
    ADS1299WriteREG                          0x08001d35   Thumb Code   160  ads1299.o(i.ADS1299WriteREG)
    BluetoothInit                            0x08001ddd   Thumb Code    16  bluetooth_task.o(i.BluetoothInit)
    BluetoothPrintf                          0x08001e05   Thumb Code    30  bluetooth_task.o(i.BluetoothPrintf)
    BluetoothSendEntry                       0x08001e25   Thumb Code    38  bluetooth_task.o(i.BluetoothSendEntry)
    BluetoothVPrintf                         0x08001e59   Thumb Code    32  bluetooth_task.o(i.BluetoothVPrintf)
    BusFault_Handler                         0x08001e81   Thumb Code     4  stm32f4xx_it.o(i.BusFault_Handler)
    DMA1_Stream3_IRQHandler                  0x08001e85   Thumb Code    10  stm32f4xx_it.o(i.DMA1_Stream3_IRQHandler)
    DMA2_Stream7_IRQHandler                  0x08001e95   Thumb Code    10  stm32f4xx_it.o(i.DMA2_Stream7_IRQHandler)
    DebugMon_Handler                         0x08001faf   Thumb Code     2  stm32f4xx_it.o(i.DebugMon_Handler)
    Decoder                                  0x08001fb1   Thumb Code    50  fdacoefs.o(i.Decoder)
    DelayUs                                  0x08001fe5   Thumb Code    52  delay.o(i.DelayUs)
    EXTI0_IRQHandler                         0x0800201d   Thumb Code    10  stm32f4xx_it.o(i.EXTI0_IRQHandler)
    Encoding                                 0x08002027   Thumb Code    24  fdacoefs.o(i.Encoding)
    Error_Handler                            0x0800203f   Thumb Code     6  main.o(i.Error_Handler)
    FFTTaskEntry                             0x08002045   Thumb Code   278  getstimulation_task.o(i.FFTTaskEntry)
    FindMaxBySNR                             0x08002171   Thumb Code   280  getstimulation_task.o(i.FindMaxBySNR)
    FrequencyMeterTaskEntry                  0x08002291   Thumb Code   366  frequency_meter_task.o(i.FrequencyMeterTaskEntry)
    GetSysModeEntry                          0x08002419   Thumb Code    74  dip_task.o(i.GetSysModeEntry)
    HAL_DMA_Abort                            0x08002479   Thumb Code   172  stm32f4xx_hal_dma.o(i.HAL_DMA_Abort)
    HAL_DMA_Abort_IT                         0x08002525   Thumb Code    40  stm32f4xx_hal_dma.o(i.HAL_DMA_Abort_IT)
    HAL_DMA_IRQHandler                       0x0800254d   Thumb Code   570  stm32f4xx_hal_dma.o(i.HAL_DMA_IRQHandler)
    HAL_DMA_Init                             0x0800278d   Thumb Code   232  stm32f4xx_hal_dma.o(i.HAL_DMA_Init)
    HAL_DMA_Start_IT                         0x08002879   Thumb Code   146  stm32f4xx_hal_dma.o(i.HAL_DMA_Start_IT)
    HAL_GPIO_EXTI_Callback                   0x0800290d   Thumb Code    26  ads1299_task.o(i.HAL_GPIO_EXTI_Callback)
    HAL_GPIO_EXTI_IRQHandler                 0x08002931   Thumb Code    24  stm32f4xx_hal_gpio.o(i.HAL_GPIO_EXTI_IRQHandler)
    HAL_GPIO_Init                            0x0800294d   Thumb Code   444  stm32f4xx_hal_gpio.o(i.HAL_GPIO_Init)
    HAL_GPIO_ReadPin                         0x08002b31   Thumb Code    16  stm32f4xx_hal_gpio.o(i.HAL_GPIO_ReadPin)
    HAL_GPIO_TogglePin                       0x08002b41   Thumb Code    20  stm32f4xx_hal_gpio.o(i.HAL_GPIO_TogglePin)
    HAL_GPIO_WritePin                        0x08002b55   Thumb Code    12  stm32f4xx_hal_gpio.o(i.HAL_GPIO_WritePin)
    HAL_GetTick                              0x08002b61   Thumb Code     6  stm32f4xx_hal.o(i.HAL_GetTick)
    HAL_IncTick                              0x08002b6d   Thumb Code    16  stm32f4xx_hal.o(i.HAL_IncTick)
    HAL_Init                                 0x08002b85   Thumb Code    54  stm32f4xx_hal.o(i.HAL_Init)
    HAL_InitTick                             0x08002bc1   Thumb Code    64  stm32f4xx_hal.o(i.HAL_InitTick)
    HAL_MspInit                              0x08002c0d   Thumb Code    68  stm32f4xx_hal_msp.o(i.HAL_MspInit)
    HAL_NVIC_DisableIRQ                      0x08002c55   Thumb Code    62  stm32f4xx_hal_cortex.o(i.HAL_NVIC_DisableIRQ)
    HAL_NVIC_EnableIRQ                       0x08002c99   Thumb Code    32  stm32f4xx_hal_cortex.o(i.HAL_NVIC_EnableIRQ)
    HAL_NVIC_SetPriority                     0x08002cb9   Thumb Code   124  stm32f4xx_hal_cortex.o(i.HAL_NVIC_SetPriority)
    HAL_NVIC_SetPriorityGrouping             0x08002d35   Thumb Code    32  stm32f4xx_hal_cortex.o(i.HAL_NVIC_SetPriorityGrouping)
    HAL_RCC_ClockConfig                      0x08002d5d   Thumb Code   368  stm32f4xx_hal_rcc.o(i.HAL_RCC_ClockConfig)
    HAL_RCC_GetHCLKFreq                      0x08002ee1   Thumb Code     6  stm32f4xx_hal_rcc.o(i.HAL_RCC_GetHCLKFreq)
    HAL_RCC_GetPCLK1Freq                     0x08002eed   Thumb Code    22  stm32f4xx_hal_rcc.o(i.HAL_RCC_GetPCLK1Freq)
    HAL_RCC_GetPCLK2Freq                     0x08002f0d   Thumb Code    22  stm32f4xx_hal_rcc.o(i.HAL_RCC_GetPCLK2Freq)
    HAL_RCC_GetSysClockFreq                  0x08002f2d   Thumb Code   266  stm32f4xx_hal_rcc_ex.o(i.HAL_RCC_GetSysClockFreq)
    HAL_RCC_OscConfig                        0x08003045   Thumb Code  1246  stm32f4xx_hal_rcc_ex.o(i.HAL_RCC_OscConfig)
    HAL_SPI_ErrorCallback                    0x0800352d   Thumb Code     2  stm32f4xx_hal_spi.o(i.HAL_SPI_ErrorCallback)
    HAL_SPI_GetState                         0x0800352f   Thumb Code     8  stm32f4xx_hal_spi.o(i.HAL_SPI_GetState)
    HAL_SPI_IRQHandler                       0x08003539   Thumb Code   342  stm32f4xx_hal_spi.o(i.HAL_SPI_IRQHandler)
    HAL_SPI_Init                             0x08003695   Thumb Code   200  stm32f4xx_hal_spi.o(i.HAL_SPI_Init)
    HAL_SPI_MspInit                          0x0800375d   Thumb Code   138  spi.o(i.HAL_SPI_MspInit)
    HAL_SPI_Receive                          0x080037f5   Thumb Code   368  stm32f4xx_hal_spi.o(i.HAL_SPI_Receive)
    HAL_SPI_Transmit                         0x08003965   Thumb Code   430  stm32f4xx_hal_spi.o(i.HAL_SPI_Transmit)
    HAL_SPI_TransmitReceive                  0x08003b13   Thumb Code   554  stm32f4xx_hal_spi.o(i.HAL_SPI_TransmitReceive)
    HAL_SYSTICK_Config                       0x08003d3d   Thumb Code    52  stm32f4xx_hal_cortex.o(i.HAL_SYSTICK_Config)
    HAL_TIMEx_ConfigBreakDeadTime            0x08003d71   Thumb Code   116  stm32f4xx_hal_tim_ex.o(i.HAL_TIMEx_ConfigBreakDeadTime)
    HAL_TIMEx_MasterConfigSynchronization    0x08003de5   Thumb Code   150  stm32f4xx_hal_tim_ex.o(i.HAL_TIMEx_MasterConfigSynchronization)
    HAL_TIM_Base_Init                        0x08003e99   Thumb Code   102  stm32f4xx_hal_tim.o(i.HAL_TIM_Base_Init)
    HAL_TIM_Base_MspInit                     0x08003f01   Thumb Code    44  tim.o(i.HAL_TIM_Base_MspInit)
    HAL_TIM_Base_Start                       0x08003f31   Thumb Code   126  stm32f4xx_hal_tim.o(i.HAL_TIM_Base_Start)
    HAL_TIM_Base_Stop                        0x08003fcd   Thumb Code    50  stm32f4xx_hal_tim.o(i.HAL_TIM_Base_Stop)
    HAL_TIM_ConfigClockSource                0x08003fff   Thumb Code   268  stm32f4xx_hal_tim.o(i.HAL_TIM_ConfigClockSource)
    HAL_TIM_MspPostInit                      0x0800410d   Thumb Code   290  tim.o(i.HAL_TIM_MspPostInit)
    HAL_TIM_PWM_ConfigChannel                0x08004251   Thumb Code   260  stm32f4xx_hal_tim.o(i.HAL_TIM_PWM_ConfigChannel)
    HAL_TIM_PWM_Init                         0x08004355   Thumb Code   102  stm32f4xx_hal_tim.o(i.HAL_TIM_PWM_Init)
    HAL_TIM_PWM_MspInit                      0x080043bd   Thumb Code   172  tim.o(i.HAL_TIM_PWM_MspInit)
    HAL_TIM_PWM_Start                        0x0800447d   Thumb Code   238  stm32f4xx_hal_tim.o(i.HAL_TIM_PWM_Start)
    HAL_TIM_PWM_Stop                         0x08004589   Thumb Code   160  stm32f4xx_hal_tim.o(i.HAL_TIM_PWM_Stop)
    HAL_UARTEx_RxEventCallback               0x08004631   Thumb Code     2  stm32f4xx_hal_uart.o(i.HAL_UARTEx_RxEventCallback)
    HAL_UART_AbortCpltCallback               0x08004633   Thumb Code     2  stm32f4xx_hal_uart.o(i.HAL_UART_AbortCpltCallback)
    HAL_UART_AbortReceiveCpltCallback        0x08004635   Thumb Code     2  stm32f4xx_hal_uart.o(i.HAL_UART_AbortReceiveCpltCallback)
    HAL_UART_AbortTransmitCpltCallback       0x08004637   Thumb Code     2  stm32f4xx_hal_uart.o(i.HAL_UART_AbortTransmitCpltCallback)
    HAL_UART_ErrorCallback                   0x08004639   Thumb Code     2  stm32f4xx_hal_uart.o(i.HAL_UART_ErrorCallback)
    HAL_UART_IRQHandler                      0x0800463d   Thumb Code   732  stm32f4xx_hal_uart.o(i.HAL_UART_IRQHandler)
    HAL_UART_Init                            0x0800491d   Thumb Code   128  stm32f4xx_hal_uart.o(i.HAL_UART_Init)
    HAL_UART_MspInit                         0x080049a1   Thumb Code   632  usart.o(i.HAL_UART_MspInit)
    HAL_UART_Receive_IT                      0x08004c49   Thumb Code    66  stm32f4xx_hal_uart.o(i.HAL_UART_Receive_IT)
    HAL_UART_RegisterCallback                0x08004c8b   Thumb Code   188  stm32f4xx_hal_uart.o(i.HAL_UART_RegisterCallback)
    HAL_UART_RxCpltCallback                  0x08004d49   Thumb Code    20  usart.o(i.HAL_UART_RxCpltCallback)
    HAL_UART_RxHalfCpltCallback              0x08004d65   Thumb Code     2  stm32f4xx_hal_uart.o(i.HAL_UART_RxHalfCpltCallback)
    HAL_UART_Transmit_DMA                    0x08004d69   Thumb Code   160  stm32f4xx_hal_uart.o(i.HAL_UART_Transmit_DMA)
    HAL_UART_TxCpltCallback                  0x08004e15   Thumb Code     2  stm32f4xx_hal_uart.o(i.HAL_UART_TxCpltCallback)
    HAL_UART_TxHalfCpltCallback              0x08004e17   Thumb Code     2  stm32f4xx_hal_uart.o(i.HAL_UART_TxHalfCpltCallback)
    HardFault_Handler                        0x08004e19   Thumb Code     4  stm32f4xx_it.o(i.HardFault_Handler)
    IIRFilter_Init                           0x08004e1d   Thumb Code   232  fdacoefs.o(i.IIRFilter_Init)
    IIRFilter_Process                        0x08004f0d   Thumb Code   354  fdacoefs.o(i.IIRFilter_Process)
    MX_DMA_Init                              0x08005071   Thumb Code    98  dma.o(i.MX_DMA_Init)
    MX_GPIO_Init                             0x080050d9   Thumb Code   354  gpio.o(i.MX_GPIO_Init)
    MX_SPI1_Init                             0x0800524d   Thumb Code    60  spi.o(i.MX_SPI1_Init)
    MX_TIM12_Init                            0x08005291   Thumb Code    94  tim.o(i.MX_TIM12_Init)
    MX_TIM1_Init                             0x080052f9   Thumb Code   172  tim.o(i.MX_TIM1_Init)
    MX_TIM2_Init                             0x080053ad   Thumb Code   102  tim.o(i.MX_TIM2_Init)
    MX_TIM3_Init                             0x08005419   Thumb Code   120  tim.o(i.MX_TIM3_Init)
    MX_TIM8_Init                             0x08005499   Thumb Code   172  tim.o(i.MX_TIM8_Init)
    MX_UART5_Init                            0x0800554d   Thumb Code    56  usart.o(i.MX_UART5_Init)
    MX_USART1_UART_Init                      0x08005591   Thumb Code    46  usart.o(i.MX_USART1_UART_Init)
    MX_USART3_UART_Init                      0x080055c9   Thumb Code    46  usart.o(i.MX_USART3_UART_Init)
    MemManage_Handler                        0x08005601   Thumb Code     4  stm32f4xx_it.o(i.MemManage_Handler)
    NMI_Handler                              0x08005605   Thumb Code     4  stm32f4xx_it.o(i.NMI_Handler)
    PendSV_Handler                           0x08005609   Thumb Code     2  stm32f4xx_it.o(i.PendSV_Handler)
    RingBufferDeinit                         0x0800560b   Thumb Code    30  ring_buffer.o(i.RingBufferDeinit)
    RingBufferGetDistanceToBoundary          0x08005629   Thumb Code    26  ring_buffer.o(i.RingBufferGetDistanceToBoundary)
    RingBufferGetTail                        0x08005643   Thumb Code    20  ring_buffer.o(i.RingBufferGetTail)
    RingBufferInit                           0x08005657   Thumb Code    56  ring_buffer.o(i.RingBufferInit)
    RingBufferIsEmpty                        0x0800568f   Thumb Code    34  ring_buffer.o(i.RingBufferIsEmpty)
    RingBufferPop                            0x080056b1   Thumb Code   174  ring_buffer.o(i.RingBufferPop)
    RingBufferPush                           0x0800575f   Thumb Code   162  ring_buffer.o(i.RingBufferPush)
    SPI1_IRQHandler                          0x08005801   Thumb Code    10  stm32f4xx_it.o(i.SPI1_IRQHandler)
    SVC_Handler                              0x080059fd   Thumb Code     2  stm32f4xx_it.o(i.SVC_Handler)
    StimulationTaskEntry                     0x08005a01   Thumb Code    90  stimulation_task.o(i.StimulationTaskEntry)
    SysTick_Handler                          0x08005a71   Thumb Code    12  stm32f4xx_it.o(i.SysTick_Handler)
    SystemClock_Config                       0x08005a7d   Thumb Code   170  main.o(i.SystemClock_Config)
    SystemInit                               0x08005b31   Thumb Code    14  system_stm32f4xx.o(i.SystemInit)
    TIM_Base_SetConfig                       0x08005b45   Thumb Code   170  stm32f4xx_hal_tim.o(i.TIM_Base_SetConfig)
    TIM_CCxChannelCmd                        0x08005c1d   Thumb Code    34  stm32f4xx_hal_tim.o(i.TIM_CCxChannelCmd)
    TIM_ETR_SetConfig                        0x08005c3f   Thumb Code    22  stm32f4xx_hal_tim.o(i.TIM_ETR_SetConfig)
    TIM_OC2_SetConfig                        0x08005cd9   Thumb Code   114  stm32f4xx_hal_tim.o(i.TIM_OC2_SetConfig)
    TaskCreate                               0x08005e71   Thumb Code   220  task_scheduler.o(i.TaskCreate)
    TaskInit                                 0x08005f51   Thumb Code   174  task.o(i.TaskInit)
    TaskSchedulerInit                        0x08006039   Thumb Code    42  task_scheduler.o(i.TaskSchedulerInit)
    TaskSchedulerInterrupt                   0x08006069   Thumb Code   128  task_scheduler.o(i.TaskSchedulerInterrupt)
    TaskSchedulerMainLoop                    0x080060ed   Thumb Code    78  task_scheduler.o(i.TaskSchedulerMainLoop)
    UART5_IRQHandler                         0x08006141   Thumb Code    20  stm32f4xx_it.o(i.UART5_IRQHandler)
    UART_InitCallbacksToDefault              0x080062d9   Thumb Code    38  stm32f4xx_hal_uart.o(i.UART_InitCallbacksToDefault)
    UART_Start_Receive_IT                    0x08006649   Thumb Code    74  stm32f4xx_hal_uart.o(i.UART_Start_Receive_IT)
    USART1_IRQHandler                        0x080066f5   Thumb Code    10  stm32f4xx_it.o(i.USART1_IRQHandler)
    USART3_IRQHandler                        0x08006705   Thumb Code    10  stm32f4xx_it.o(i.USART3_IRQHandler)
    UartDataFlushTaskEntry                   0x08006715   Thumb Code    32  uart_task.o(i.UartDataFlushTaskEntry)
    UartExtFlush                             0x0800673d   Thumb Code    84  uart_ext.o(i.UartExtFlush)
    UartExtInit                              0x08006791   Thumb Code   202  uart_ext.o(i.UartExtInit)
    UartTaskInit                             0x080069c5   Thumb Code    72  uart_task.o(i.UartTaskInit)
    UsageFault_Handler                       0x08006a19   Thumb Code     4  stm32f4xx_it.o(i.UsageFault_Handler)
    __0vsnprintf                             0x08006a1d   Thumb Code    46  printfa.o(i.__0vsnprintf)
    __1vsnprintf                             0x08006a1d   Thumb Code     0  printfa.o(i.__0vsnprintf)
    __2vsnprintf                             0x08006a1d   Thumb Code     0  printfa.o(i.__0vsnprintf)
    __c89vsnprintf                           0x08006a1d   Thumb Code     0  printfa.o(i.__0vsnprintf)
    vsnprintf                                0x08006a1d   Thumb Code     0  printfa.o(i.__0vsnprintf)
    __scatterload_copy                       0x08006a89   Thumb Code    14  handlers.o(i.__scatterload_copy)
    __scatterload_null                       0x08006a97   Thumb Code     2  handlers.o(i.__scatterload_null)
    __scatterload_zeroinit                   0x08006a99   Thumb Code    14  handlers.o(i.__scatterload_zeroinit)
    __set_errno                              0x08006aa9   Thumb Code     6  errno.o(i.__set_errno)
    free                                     0x080073d9   Thumb Code    76  malloc.o(i.free)
    main                                     0x08007429   Thumb Code    68  main.o(i.main)
    malloc                                   0x0800746d   Thumb Code    92  malloc.o(i.malloc)
    sqrtf                                    0x080074d9   Thumb Code    62  sqrtf.o(i.sqrtf)
    AHBPrescTable                            0x0800751e   Data          16  system_stm32f4xx.o(.constdata)
    APBPrescTable                            0x0800752e   Data           8  system_stm32f4xx.o(.constdata)
    NL                                       0x08007538   Data          36  fdacoefs.o(.constdata)
    NUM_1K                                   0x08007560   Data         216  fdacoefs.o(.constdata)
    NUM_250                                  0x08007638   Data         216  fdacoefs.o(.constdata)
    DL                                       0x08007710   Data          36  fdacoefs.o(.constdata)
    DEN_1K                                   0x08007738   Data         216  fdacoefs.o(.constdata)
    DEN_250                                  0x08007810   Data         216  fdacoefs.o(.constdata)
    armBitRevTable                           0x080078e8   Data        2048  arm_common_tables.o(.rodata.armBitRevTable)
    twiddleCoef_4096                         0x080080e8   Data       32768  arm_common_tables.o(.rodata.twiddleCoef_4096)
    Region$$Table$$Base                      0x080100e8   Number         0  anon$$obj.o(Region$$Table)
    Region$$Table$$Limit                     0x08010108   Number         0  anon$$obj.o(Region$$Table)
    RxFreq                                   0x20000000   Data           1  usart.o(.data)
    StartFlag                                0x20000001   Data           1  usart.o(.data)
    uwTick                                   0x20000004   Data           4  stm32f4xx_hal.o(.data)
    uwTickPrio                               0x20000008   Data           4  stm32f4xx_hal.o(.data)
    uwTickFreq                               0x2000000c   Data           1  stm32f4xx_hal.o(.data)
    SystemCoreClock                          0x20000010   Data           4  system_stm32f4xx.o(.data)
    gDataReady                               0x20000018   Data           1  ads1299_task.o(.data)
    ADS1299DataCnt                           0x20000020   Data           8  ads1299_task.o(.data)
    PACKAGE_HAND                             0x20000028   Data           1  ads1299_task.o(.data)
    PACKAGE_TAIL                             0x20000029   Data           1  ads1299_task.o(.data)
    Data_cnt                                 0x20000030   Data           8  ads1299_task.o(.data)
    DataPackage                              0x20000038   Data           8  ads1299_task.o(.data)
    Freq                                     0x20000040   Data           1  ads1299_task.o(.data)
    urevent                                  0x20000041   Data           1  ads1299_task.o(.data)
    DIP1                                     0x20000044   Data           1  dip_task.o(.data)
    DIP2                                     0x20000045   Data           1  dip_task.o(.data)
    gSysMode                                 0x20000046   Data           1  dip_task.o(.data)
    gSysModeIsChange                         0x20000048   Data           4  dip_task.o(.data)
    gFFTRes                                  0x2000004c   Data           1  getstimulation_task.o(.data)
    mSimulationFrequency                     0x2000004d   Data           4  getstimulation_task.o(.data)
    mUartExtTxCpltCallbacks                  0x20000054   Data          64  uart_ext.o(.data)
    mUartExtTxCpltCallbackUsageCount         0x20000094   Data           4  uart_ext.o(.data)
    __microlib_freelist                      0x20000098   Data           4  mvars.o(.data)
    __microlib_freelist_initialised          0x2000009c   Data           4  mvars.o(.data)
    hspi1                                    0x200000a4   Data          88  spi.o(.bss)
    htim1                                    0x200000fc   Data          72  tim.o(.bss)
    htim2                                    0x20000144   Data          72  tim.o(.bss)
    htim3                                    0x2000018c   Data          72  tim.o(.bss)
    htim8                                    0x200001d4   Data          72  tim.o(.bss)
    htim12                                   0x2000021c   Data          72  tim.o(.bss)
    huart5                                   0x20000264   Data         116  usart.o(.bss)
    huart1                                   0x200002d8   Data         116  usart.o(.bss)
    huart3                                   0x2000034c   Data         116  usart.o(.bss)
    hdma_usart1_tx                           0x200003c0   Data          96  usart.o(.bss)
    hdma_usart3_tx                           0x20000420   Data          96  usart.o(.bss)
    mLogTask                                 0x20000480   Data          28  task.o(.bss)
    mADS1299Task                             0x2000049c   Data          28  task.o(.bss)
    mUartTask                                0x200004b8   Data          28  task.o(.bss)
    mDipTask                                 0x200004d4   Data          28  task.o(.bss)
    mCCATask                                 0x200004f0   Data          28  task.o(.bss)
    mBuletooth                               0x2000050c   Data          28  task.o(.bss)
    mStimulationTask                         0x20000528   Data          28  task.o(.bss)
    mFrequencyMeterTask                      0x20000544   Data          28  task.o(.bss)
    mADS1299DataRingBuffer                   0x20000560   Data          20  ads1299_task.o(.bss)
    mADS1299Configure                        0x20000574   Data          12  ads1299_task.o(.bss)
    TagPackage                               0x20000580   Data          10  ads1299_task.o(.bss)
    iir                                      0x20000590   Data        5184  ads1299_task.o(.bss)
    mDataUartExt                             0x200019d0   Data          20  uart_task.o(.bss)
    mUartExts                                0x20001a24   Data          64  uart_ext.o(.bss)
    gTaskScheduler                           0x20001a64   Data          40  task_scheduler.o(.bss)
    __heap_base                              0x20001a90   Data           0  startup_stm32f446xx.o(HEAP)
    __heap_limit                             0x2000aa90   Data           0  startup_stm32f446xx.o(HEAP)
    __initial_sp                             0x20013a90   Data           0  startup_stm32f446xx.o(STACK)



==============================================================================

Memory Map of the image

  Image Entry point : 0x080001c5

  Load Region LR_IROM1 (Base: 0x08000000, Size: 0x000101ac, Max: 0x00080000, ABSOLUTE)

    Execution Region ER_IROM1 (Exec base: 0x08000000, Load base: 0x08000000, Size: 0x00010108, Max: 0x00080000, ABSOLUTE)

    Exec Addr    Load Addr    Size         Type   Attr      Idx    E Section Name        Object

    0x08000000   0x08000000   0x000001c4   Data   RO            3    RESET               startup_stm32f446xx.o
    0x080001c4   0x080001c4   0x00000000   Code   RO         4649  * .ARM.Collect$$$$00000000  mc_w.l(entry.o)
    0x080001c4   0x080001c4   0x00000004   Code   RO         4736    .ARM.Collect$$$$00000001  mc_w.l(entry2.o)
    0x080001c8   0x080001c8   0x00000004   Code   RO         4739    .ARM.Collect$$$$00000004  mc_w.l(entry5.o)
    0x080001cc   0x080001cc   0x00000000   Code   RO         4741    .ARM.Collect$$$$00000008  mc_w.l(entry7b.o)
    0x080001cc   0x080001cc   0x00000000   Code   RO         4743    .ARM.Collect$$$$0000000A  mc_w.l(entry8b.o)
    0x080001cc   0x080001cc   0x00000008   Code   RO         4744    .ARM.Collect$$$$0000000B  mc_w.l(entry9a.o)
    0x080001d4   0x080001d4   0x00000004   Code   RO         4751    .ARM.Collect$$$$0000000E  mc_w.l(entry12b.o)
    0x080001d8   0x080001d8   0x00000000   Code   RO         4746    .ARM.Collect$$$$0000000F  mc_w.l(entry10a.o)
    0x080001d8   0x080001d8   0x00000000   Code   RO         4748    .ARM.Collect$$$$00000011  mc_w.l(entry11a.o)
    0x080001d8   0x080001d8   0x00000004   Code   RO         4737    .ARM.Collect$$$$00002712  mc_w.l(entry2.o)
    0x080001dc   0x080001dc   0x00000024   Code   RO            4    .text               startup_stm32f446xx.o
    0x08000200   0x08000200   0x00000062   Code   RO         4652    .text               mc_w.l(uldiv.o)
    0x08000262   0x08000262   0x00000020   Code   RO         4654    .text               mc_w.l(llushr.o)
    0x08000282   0x08000282   0x00000024   Code   RO         4656    .text               mc_w.l(memcpya.o)
    0x080002a6   0x080002a6   0x00000024   Code   RO         4658    .text               mc_w.l(memseta.o)
    0x080002ca   0x080002ca   0x000000b0   Code   RO         4718    .text               mf_w.l(fadd.o)
    0x0800037a   0x0800037a   0x00000064   Code   RO         4720    .text               mf_w.l(fmul.o)
    0x080003de   0x080003de   0x0000014e   Code   RO         4722    .text               mf_w.l(dadd.o)
    0x0800052c   0x0800052c   0x000000e4   Code   RO         4724    .text               mf_w.l(dmul.o)
    0x08000610   0x08000610   0x000000de   Code   RO         4726    .text               mf_w.l(ddiv.o)
    0x080006ee   0x080006ee   0x00000022   Code   RO         4730    .text               mf_w.l(dflti.o)
    0x08000710   0x08000710   0x0000003e   Code   RO         4732    .text               mf_w.l(dfixi.o)
    0x0800074e   0x0800074e   0x0000002c   Code   RO         4755    .text               mc_w.l(uidiv.o)
    0x0800077a   0x0800077a   0x0000001e   Code   RO         4757    .text               mc_w.l(llshl.o)
    0x08000798   0x08000798   0x00000024   Code   RO         4759    .text               mc_w.l(llsshr.o)
    0x080007bc   0x080007bc   0x00000000   Code   RO         4770    .text               mc_w.l(iusefp.o)
    0x080007bc   0x080007bc   0x0000006e   Code   RO         4771    .text               mf_w.l(fepilogue.o)
    0x0800082a   0x0800082a   0x000000ba   Code   RO         4773    .text               mf_w.l(depilogue.o)
    0x080008e4   0x080008e4   0x00000030   Code   RO         4775    .text               mf_w.l(dfixul.o)
    0x08000914   0x08000914   0x00000030   Code   RO         4777    .text               mf_w.l(cdrcmple.o)
    0x08000944   0x08000944   0x00000024   Code   RO         4779    .text               mc_w.l(init.o)
    0x08000968   0x08000968   0x000000ae   Code   RO         4528    .text.arm_bitreversal_f32  arm_cortexM4l_math.lib(arm_bitreversal.o)
    0x08000a16   0x08000a16   0x00000042   Code   RO         4503    .text.arm_cfft_radix4_f32  arm_cortexM4l_math.lib(arm_cfft_radix4_f32.o)
    0x08000a58   0x08000a58   0x0000007c   Code   RO         4518    .text.arm_cfft_radix4_init_f32  arm_cortexM4l_math.lib(arm_cfft_radix4_init_f32.o)
    0x08000ad4   0x08000ad4   0x000000e8   Code   RO         4493    .text.arm_cmplx_mag_f32  arm_cortexM4l_math.lib(arm_cmplx_mag_f32.o)
    0x08000bbc   0x08000bbc   0x00000568   Code   RO         4507    .text.arm_radix4_butterfly_f32  arm_cortexM4l_math.lib(arm_cfft_radix4_f32.o)
    0x08001124   0x08001124   0x0000059a   Code   RO         4505    .text.arm_radix4_butterfly_inverse_f32  arm_cortexM4l_math.lib(arm_cfft_radix4_f32.o)
    0x080016be   0x080016be   0x00000002   PAD
    0x080016c0   0x080016c0   0x00000024   Code   RO         4434    i.ADS1299PowerOn    ads1299.o
    0x080016e4   0x080016e4   0x00000050   Code   RO         4435    i.ADS1299ReadByte   ads1299.o
    0x08001734   0x08001734   0x000000a8   Code   RO         4436    i.ADS1299ReadREG    ads1299.o
    0x080017dc   0x080017dc   0x00000034   Code   RO         4437    i.ADS1299Reset      ads1299.o
    0x08001810   0x08001810   0x00000058   Code   RO         4438    i.ADS1299SendCommand  ads1299.o
    0x08001868   0x08001868   0x00000118   Code   RO         3742    i.ADS1299TaskInit   ads1299_task.o
    0x08001980   0x08001980   0x00000324   Code   RO         3743    i.ADS1299TaskInterruptEntry  ads1299_task.o
    0x08001ca4   0x08001ca4   0x0000003c   Code   RO         3744    i.ADS1299TaskStart  ads1299_task.o
    0x08001ce0   0x08001ce0   0x00000054   Code   RO         4439    i.ADS1299WakeUp     ads1299.o
    0x08001d34   0x08001d34   0x000000a8   Code   RO         4440    i.ADS1299WriteREG   ads1299.o
    0x08001ddc   0x08001ddc   0x00000028   Code   RO         3999    i.BluetoothInit     bluetooth_task.o
    0x08001e04   0x08001e04   0x0000001e   Code   RO         4000    i.BluetoothPrintf   bluetooth_task.o
    0x08001e22   0x08001e22   0x00000002   PAD
    0x08001e24   0x08001e24   0x00000034   Code   RO         4001    i.BluetoothSendEntry  bluetooth_task.o
    0x08001e58   0x08001e58   0x00000028   Code   RO         4002    i.BluetoothVPrintf  bluetooth_task.o
    0x08001e80   0x08001e80   0x00000004   Code   RO          424    i.BusFault_Handler  stm32f4xx_it.o
    0x08001e84   0x08001e84   0x00000010   Code   RO          425    i.DMA1_Stream3_IRQHandler  stm32f4xx_it.o
    0x08001e94   0x08001e94   0x00000010   Code   RO          426    i.DMA2_Stream7_IRQHandler  stm32f4xx_it.o
    0x08001ea4   0x08001ea4   0x00000034   Code   RO         1486    i.DMA_CalcBaseAndBitshift  stm32f4xx_hal_dma.o
    0x08001ed8   0x08001ed8   0x000000aa   Code   RO         1487    i.DMA_CheckFifoParam  stm32f4xx_hal_dma.o
    0x08001f82   0x08001f82   0x0000002c   Code   RO         1488    i.DMA_SetConfig     stm32f4xx_hal_dma.o
    0x08001fae   0x08001fae   0x00000002   Code   RO          427    i.DebugMon_Handler  stm32f4xx_it.o
    0x08001fb0   0x08001fb0   0x00000032   Code   RO         4383    i.Decoder           fdacoefs.o
    0x08001fe2   0x08001fe2   0x00000002   PAD
    0x08001fe4   0x08001fe4   0x00000038   Code   RO         4356    i.DelayUs           delay.o
    0x0800201c   0x0800201c   0x0000000a   Code   RO          428    i.EXTI0_IRQHandler  stm32f4xx_it.o
    0x08002026   0x08002026   0x00000018   Code   RO         4384    i.Encoding          fdacoefs.o
    0x0800203e   0x0800203e   0x00000006   Code   RO           13    i.Error_Handler     main.o
    0x08002044   0x08002044   0x0000012c   Code   RO         3892    i.FFTTaskEntry      getstimulation_task.o
    0x08002170   0x08002170   0x00000120   Code   RO         3893    i.FindMaxBySNR      getstimulation_task.o
    0x08002290   0x08002290   0x00000188   Code   RO         4070    i.FrequencyMeterTaskEntry  frequency_meter_task.o
    0x08002418   0x08002418   0x00000060   Code   RO         3857    i.GetSysModeEntry   dip_task.o
    0x08002478   0x08002478   0x000000ac   Code   RO         1489    i.HAL_DMA_Abort     stm32f4xx_hal_dma.o
    0x08002524   0x08002524   0x00000028   Code   RO         1490    i.HAL_DMA_Abort_IT  stm32f4xx_hal_dma.o
    0x0800254c   0x0800254c   0x00000240   Code   RO         1494    i.HAL_DMA_IRQHandler  stm32f4xx_hal_dma.o
    0x0800278c   0x0800278c   0x000000ec   Code   RO         1495    i.HAL_DMA_Init      stm32f4xx_hal_dma.o
    0x08002878   0x08002878   0x00000092   Code   RO         1499    i.HAL_DMA_Start_IT  stm32f4xx_hal_dma.o
    0x0800290a   0x0800290a   0x00000002   PAD
    0x0800290c   0x0800290c   0x00000024   Code   RO         3746    i.HAL_GPIO_EXTI_Callback  ads1299_task.o
    0x08002930   0x08002930   0x0000001c   Code   RO         1381    i.HAL_GPIO_EXTI_IRQHandler  stm32f4xx_hal_gpio.o
    0x0800294c   0x0800294c   0x000001e4   Code   RO         1382    i.HAL_GPIO_Init     stm32f4xx_hal_gpio.o
    0x08002b30   0x08002b30   0x00000010   Code   RO         1384    i.HAL_GPIO_ReadPin  stm32f4xx_hal_gpio.o
    0x08002b40   0x08002b40   0x00000014   Code   RO         1385    i.HAL_GPIO_TogglePin  stm32f4xx_hal_gpio.o
    0x08002b54   0x08002b54   0x0000000c   Code   RO         1386    i.HAL_GPIO_WritePin  stm32f4xx_hal_gpio.o
    0x08002b60   0x08002b60   0x0000000c   Code   RO         1937    i.HAL_GetTick       stm32f4xx_hal.o
    0x08002b6c   0x08002b6c   0x00000018   Code   RO         1943    i.HAL_IncTick       stm32f4xx_hal.o
    0x08002b84   0x08002b84   0x0000003c   Code   RO         1944    i.HAL_Init          stm32f4xx_hal.o
    0x08002bc0   0x08002bc0   0x0000004c   Code   RO         1945    i.HAL_InitTick      stm32f4xx_hal.o
    0x08002c0c   0x08002c0c   0x00000048   Code   RO          542    i.HAL_MspInit       stm32f4xx_hal_msp.o
    0x08002c54   0x08002c54   0x00000044   Code   RO         1788    i.HAL_NVIC_DisableIRQ  stm32f4xx_hal_cortex.o
    0x08002c98   0x08002c98   0x00000020   Code   RO         1789    i.HAL_NVIC_EnableIRQ  stm32f4xx_hal_cortex.o
    0x08002cb8   0x08002cb8   0x0000007c   Code   RO         1795    i.HAL_NVIC_SetPriority  stm32f4xx_hal_cortex.o
    0x08002d34   0x08002d34   0x00000028   Code   RO         1796    i.HAL_NVIC_SetPriorityGrouping  stm32f4xx_hal_cortex.o
    0x08002d5c   0x08002d5c   0x00000184   Code   RO          889    i.HAL_RCC_ClockConfig  stm32f4xx_hal_rcc.o
    0x08002ee0   0x08002ee0   0x0000000c   Code   RO          894    i.HAL_RCC_GetHCLKFreq  stm32f4xx_hal_rcc.o
    0x08002eec   0x08002eec   0x00000020   Code   RO          896    i.HAL_RCC_GetPCLK1Freq  stm32f4xx_hal_rcc.o
    0x08002f0c   0x08002f0c   0x00000020   Code   RO          897    i.HAL_RCC_GetPCLK2Freq  stm32f4xx_hal_rcc.o
    0x08002f2c   0x08002f2c   0x00000118   Code   RO         1000    i.HAL_RCC_GetSysClockFreq  stm32f4xx_hal_rcc_ex.o
    0x08003044   0x08003044   0x000004e8   Code   RO         1001    i.HAL_RCC_OscConfig  stm32f4xx_hal_rcc_ex.o
    0x0800352c   0x0800352c   0x00000002   Code   RO          573    i.HAL_SPI_ErrorCallback  stm32f4xx_hal_spi.o
    0x0800352e   0x0800352e   0x00000008   Code   RO          575    i.HAL_SPI_GetState  stm32f4xx_hal_spi.o
    0x08003536   0x08003536   0x00000002   PAD
    0x08003538   0x08003538   0x0000015c   Code   RO          576    i.HAL_SPI_IRQHandler  stm32f4xx_hal_spi.o
    0x08003694   0x08003694   0x000000c8   Code   RO          577    i.HAL_SPI_Init      stm32f4xx_hal_spi.o
    0x0800375c   0x0800375c   0x00000098   Code   RO          238    i.HAL_SPI_MspInit   spi.o
    0x080037f4   0x080037f4   0x00000170   Code   RO          580    i.HAL_SPI_Receive   stm32f4xx_hal_spi.o
    0x08003964   0x08003964   0x000001ae   Code   RO          585    i.HAL_SPI_Transmit  stm32f4xx_hal_spi.o
    0x08003b12   0x08003b12   0x0000022a   Code   RO          586    i.HAL_SPI_TransmitReceive  stm32f4xx_hal_spi.o
    0x08003d3c   0x08003d3c   0x00000034   Code   RO         1800    i.HAL_SYSTICK_Config  stm32f4xx_hal_cortex.o
    0x08003d70   0x08003d70   0x00000074   Code   RO         2902    i.HAL_TIMEx_ConfigBreakDeadTime  stm32f4xx_hal_tim_ex.o
    0x08003de4   0x08003de4   0x000000b4   Code   RO         2918    i.HAL_TIMEx_MasterConfigSynchronization  stm32f4xx_hal_tim_ex.o
    0x08003e98   0x08003e98   0x00000066   Code   RO         2184    i.HAL_TIM_Base_Init  stm32f4xx_hal_tim.o
    0x08003efe   0x08003efe   0x00000002   PAD
    0x08003f00   0x08003f00   0x00000030   Code   RO          280    i.HAL_TIM_Base_MspInit  tim.o
    0x08003f30   0x08003f30   0x0000009c   Code   RO         2187    i.HAL_TIM_Base_Start  stm32f4xx_hal_tim.o
    0x08003fcc   0x08003fcc   0x00000032   Code   RO         2190    i.HAL_TIM_Base_Stop  stm32f4xx_hal_tim.o
    0x08003ffe   0x08003ffe   0x0000010c   Code   RO         2193    i.HAL_TIM_ConfigClockSource  stm32f4xx_hal_tim.o
    0x0800410a   0x0800410a   0x00000002   PAD
    0x0800410c   0x0800410c   0x00000144   Code   RO          281    i.HAL_TIM_MspPostInit  tim.o
    0x08004250   0x08004250   0x00000104   Code   RO         2256    i.HAL_TIM_PWM_ConfigChannel  stm32f4xx_hal_tim.o
    0x08004354   0x08004354   0x00000066   Code   RO         2259    i.HAL_TIM_PWM_Init  stm32f4xx_hal_tim.o
    0x080043ba   0x080043ba   0x00000002   PAD
    0x080043bc   0x080043bc   0x000000c0   Code   RO          283    i.HAL_TIM_PWM_MspInit  tim.o
    0x0800447c   0x0800447c   0x0000010c   Code   RO         2264    i.HAL_TIM_PWM_Start  stm32f4xx_hal_tim.o
    0x08004588   0x08004588   0x000000a8   Code   RO         2267    i.HAL_TIM_PWM_Stop  stm32f4xx_hal_tim.o
    0x08004630   0x08004630   0x00000002   Code   RO         3177    i.HAL_UARTEx_RxEventCallback  stm32f4xx_hal_uart.o
    0x08004632   0x08004632   0x00000002   Code   RO         3179    i.HAL_UART_AbortCpltCallback  stm32f4xx_hal_uart.o
    0x08004634   0x08004634   0x00000002   Code   RO         3181    i.HAL_UART_AbortReceiveCpltCallback  stm32f4xx_hal_uart.o
    0x08004636   0x08004636   0x00000002   Code   RO         3184    i.HAL_UART_AbortTransmitCpltCallback  stm32f4xx_hal_uart.o
    0x08004638   0x08004638   0x00000002   Code   RO         3191    i.HAL_UART_ErrorCallback  stm32f4xx_hal_uart.o
    0x0800463a   0x0800463a   0x00000002   PAD
    0x0800463c   0x0800463c   0x000002e0   Code   RO         3194    i.HAL_UART_IRQHandler  stm32f4xx_hal_uart.o
    0x0800491c   0x0800491c   0x00000084   Code   RO         3195    i.HAL_UART_Init     stm32f4xx_hal_uart.o
    0x080049a0   0x080049a0   0x000002a8   Code   RO          364    i.HAL_UART_MspInit  usart.o
    0x08004c48   0x08004c48   0x00000042   Code   RO         3200    i.HAL_UART_Receive_IT  stm32f4xx_hal_uart.o
    0x08004c8a   0x08004c8a   0x000000bc   Code   RO         3201    i.HAL_UART_RegisterCallback  stm32f4xx_hal_uart.o
    0x08004d46   0x08004d46   0x00000002   PAD
    0x08004d48   0x08004d48   0x0000001c   Code   RO          365    i.HAL_UART_RxCpltCallback  usart.o
    0x08004d64   0x08004d64   0x00000002   Code   RO         3204    i.HAL_UART_RxHalfCpltCallback  stm32f4xx_hal_uart.o
    0x08004d66   0x08004d66   0x00000002   PAD
    0x08004d68   0x08004d68   0x000000ac   Code   RO         3206    i.HAL_UART_Transmit_DMA  stm32f4xx_hal_uart.o
    0x08004e14   0x08004e14   0x00000002   Code   RO         3208    i.HAL_UART_TxCpltCallback  stm32f4xx_hal_uart.o
    0x08004e16   0x08004e16   0x00000002   Code   RO         3209    i.HAL_UART_TxHalfCpltCallback  stm32f4xx_hal_uart.o
    0x08004e18   0x08004e18   0x00000004   Code   RO          429    i.HardFault_Handler  stm32f4xx_it.o
    0x08004e1c   0x08004e1c   0x000000f0   Code   RO         4385    i.IIRFilter_Init    fdacoefs.o
    0x08004f0c   0x08004f0c   0x00000162   Code   RO         4386    i.IIRFilter_Process  fdacoefs.o
    0x0800506e   0x0800506e   0x00000002   PAD
    0x08005070   0x08005070   0x00000068   Code   RO          213    i.MX_DMA_Init       dma.o
    0x080050d8   0x080050d8   0x00000174   Code   RO          189    i.MX_GPIO_Init      gpio.o
    0x0800524c   0x0800524c   0x00000044   Code   RO          239    i.MX_SPI1_Init      spi.o
    0x08005290   0x08005290   0x00000068   Code   RO          284    i.MX_TIM12_Init     tim.o
    0x080052f8   0x080052f8   0x000000b4   Code   RO          285    i.MX_TIM1_Init      tim.o
    0x080053ac   0x080053ac   0x0000006c   Code   RO          286    i.MX_TIM2_Init      tim.o
    0x08005418   0x08005418   0x00000080   Code   RO          287    i.MX_TIM3_Init      tim.o
    0x08005498   0x08005498   0x000000b4   Code   RO          288    i.MX_TIM8_Init      tim.o
    0x0800554c   0x0800554c   0x00000044   Code   RO          366    i.MX_UART5_Init     usart.o
    0x08005590   0x08005590   0x00000038   Code   RO          367    i.MX_USART1_UART_Init  usart.o
    0x080055c8   0x080055c8   0x00000038   Code   RO          368    i.MX_USART3_UART_Init  usart.o
    0x08005600   0x08005600   0x00000004   Code   RO          430    i.MemManage_Handler  stm32f4xx_it.o
    0x08005604   0x08005604   0x00000004   Code   RO          431    i.NMI_Handler       stm32f4xx_it.o
    0x08005608   0x08005608   0x00000002   Code   RO          432    i.PendSV_Handler    stm32f4xx_it.o
    0x0800560a   0x0800560a   0x0000001e   Code   RO         4239    i.RingBufferDeinit  ring_buffer.o
    0x08005628   0x08005628   0x0000001a   Code   RO         4240    i.RingBufferGetDistanceToBoundary  ring_buffer.o
    0x08005642   0x08005642   0x00000014   Code   RO         4242    i.RingBufferGetTail  ring_buffer.o
    0x08005656   0x08005656   0x00000038   Code   RO         4243    i.RingBufferInit    ring_buffer.o
    0x0800568e   0x0800568e   0x00000022   Code   RO         4245    i.RingBufferIsEmpty  ring_buffer.o
    0x080056b0   0x080056b0   0x000000ae   Code   RO         4247    i.RingBufferPop     ring_buffer.o
    0x0800575e   0x0800575e   0x000000a2   Code   RO         4248    i.RingBufferPush    ring_buffer.o
    0x08005800   0x08005800   0x00000010   Code   RO          433    i.SPI1_IRQHandler   stm32f4xx_it.o
    0x08005810   0x08005810   0x00000014   Code   RO          604    i.SPI_DMAAbortOnError  stm32f4xx_hal_spi.o
    0x08005824   0x08005824   0x00000094   Code   RO          614    i.SPI_EndRxTransaction  stm32f4xx_hal_spi.o
    0x080058b8   0x080058b8   0x0000006c   Code   RO          615    i.SPI_EndRxTxTransaction  stm32f4xx_hal_spi.o
    0x08005924   0x08005924   0x000000d8   Code   RO          620    i.SPI_WaitFlagStateUntilTimeout  stm32f4xx_hal_spi.o
    0x080059fc   0x080059fc   0x00000002   Code   RO          434    i.SVC_Handler       stm32f4xx_it.o
    0x080059fe   0x080059fe   0x00000002   PAD
    0x08005a00   0x08005a00   0x00000070   Code   RO         4046    i.StimulationTaskEntry  stimulation_task.o
    0x08005a70   0x08005a70   0x0000000c   Code   RO          435    i.SysTick_Handler   stm32f4xx_it.o
    0x08005a7c   0x08005a7c   0x000000b4   Code   RO           14    i.SystemClock_Config  main.o
    0x08005b30   0x08005b30   0x00000014   Code   RO         3564    i.SystemInit        system_stm32f4xx.o
    0x08005b44   0x08005b44   0x000000d8   Code   RO         2277    i.TIM_Base_SetConfig  stm32f4xx_hal_tim.o
    0x08005c1c   0x08005c1c   0x00000022   Code   RO         2278    i.TIM_CCxChannelCmd  stm32f4xx_hal_tim.o
    0x08005c3e   0x08005c3e   0x00000016   Code   RO         2288    i.TIM_ETR_SetConfig  stm32f4xx_hal_tim.o
    0x08005c54   0x08005c54   0x00000012   Code   RO         2289    i.TIM_ITRx_SetConfig  stm32f4xx_hal_tim.o
    0x08005c66   0x08005c66   0x00000002   PAD
    0x08005c68   0x08005c68   0x00000070   Code   RO         2290    i.TIM_OC1_SetConfig  stm32f4xx_hal_tim.o
    0x08005cd8   0x08005cd8   0x0000007c   Code   RO         2291    i.TIM_OC2_SetConfig  stm32f4xx_hal_tim.o
    0x08005d54   0x08005d54   0x00000078   Code   RO         2292    i.TIM_OC3_SetConfig  stm32f4xx_hal_tim.o
    0x08005dcc   0x08005dcc   0x00000054   Code   RO         2293    i.TIM_OC4_SetConfig  stm32f4xx_hal_tim.o
    0x08005e20   0x08005e20   0x00000026   Code   RO         2295    i.TIM_TI1_ConfigInputStage  stm32f4xx_hal_tim.o
    0x08005e46   0x08005e46   0x00000028   Code   RO         2297    i.TIM_TI2_ConfigInputStage  stm32f4xx_hal_tim.o
    0x08005e6e   0x08005e6e   0x00000002   PAD
    0x08005e70   0x08005e70   0x000000e0   Code   RO         4312    i.TaskCreate        task_scheduler.o
    0x08005f50   0x08005f50   0x000000e8   Code   RO         3692    i.TaskInit          task.o
    0x08006038   0x08006038   0x00000030   Code   RO         4313    i.TaskSchedulerInit  task_scheduler.o
    0x08006068   0x08006068   0x00000084   Code   RO         4314    i.TaskSchedulerInterrupt  task_scheduler.o
    0x080060ec   0x080060ec   0x00000054   Code   RO         4315    i.TaskSchedulerMainLoop  task_scheduler.o
    0x08006140   0x08006140   0x0000001c   Code   RO          436    i.UART5_IRQHandler  stm32f4xx_it.o
    0x0800615c   0x0800615c   0x00000014   Code   RO         3212    i.UART_DMAAbortOnError  stm32f4xx_hal_uart.o
    0x08006170   0x08006170   0x00000050   Code   RO         3213    i.UART_DMAError     stm32f4xx_hal_uart.o
    0x080061c0   0x080061c0   0x00000058   Code   RO         3218    i.UART_DMATransmitCplt  stm32f4xx_hal_uart.o
    0x08006218   0x08006218   0x0000000e   Code   RO         3220    i.UART_DMATxHalfCplt  stm32f4xx_hal_uart.o
    0x08006226   0x08006226   0x0000006c   Code   RO         3222    i.UART_EndRxTransfer  stm32f4xx_hal_uart.o
    0x08006292   0x08006292   0x00000020   Code   RO         3223    i.UART_EndTransmit_IT  stm32f4xx_hal_uart.o
    0x080062b2   0x080062b2   0x00000026   Code   RO         3224    i.UART_EndTxTransfer  stm32f4xx_hal_uart.o
    0x080062d8   0x080062d8   0x0000004c   Code   RO         3225    i.UART_InitCallbacksToDefault  stm32f4xx_hal_uart.o
    0x08006324   0x08006324   0x000000f8   Code   RO         3226    i.UART_Receive_IT   stm32f4xx_hal_uart.o
    0x0800641c   0x0800641c   0x0000022c   Code   RO         3227    i.UART_SetConfig    stm32f4xx_hal_uart.o
    0x08006648   0x08006648   0x0000004a   Code   RO         3229    i.UART_Start_Receive_IT  stm32f4xx_hal_uart.o
    0x08006692   0x08006692   0x00000060   Code   RO         3230    i.UART_Transmit_IT  stm32f4xx_hal_uart.o
    0x080066f2   0x080066f2   0x00000002   PAD
    0x080066f4   0x080066f4   0x00000010   Code   RO          437    i.USART1_IRQHandler  stm32f4xx_it.o
    0x08006704   0x08006704   0x00000010   Code   RO          438    i.USART3_IRQHandler  stm32f4xx_it.o
    0x08006714   0x08006714   0x00000028   Code   RO         3817    i.UartDataFlushTaskEntry  uart_task.o
    0x0800673c   0x0800673c   0x00000054   Code   RO         4102    i.UartExtFlush      uart_ext.o
    0x08006790   0x08006790   0x000000d8   Code   RO         4103    i.UartExtInit       uart_ext.o
    0x08006868   0x08006868   0x0000001a   Code   RO         4106    i.UartExtTxCpltCallback  uart_ext.o
    0x08006882   0x08006882   0x00000002   PAD
    0x08006884   0x08006884   0x00000014   Code   RO         4107    i.UartExtTxCpltCallback_0  uart_ext.o
    0x08006898   0x08006898   0x00000014   Code   RO         4108    i.UartExtTxCpltCallback_1  uart_ext.o
    0x080068ac   0x080068ac   0x00000014   Code   RO         4109    i.UartExtTxCpltCallback_10  uart_ext.o
    0x080068c0   0x080068c0   0x00000014   Code   RO         4110    i.UartExtTxCpltCallback_11  uart_ext.o
    0x080068d4   0x080068d4   0x00000014   Code   RO         4111    i.UartExtTxCpltCallback_12  uart_ext.o
    0x080068e8   0x080068e8   0x00000014   Code   RO         4112    i.UartExtTxCpltCallback_13  uart_ext.o
    0x080068fc   0x080068fc   0x00000014   Code   RO         4113    i.UartExtTxCpltCallback_14  uart_ext.o
    0x08006910   0x08006910   0x00000014   Code   RO         4114    i.UartExtTxCpltCallback_15  uart_ext.o
    0x08006924   0x08006924   0x00000014   Code   RO         4115    i.UartExtTxCpltCallback_2  uart_ext.o
    0x08006938   0x08006938   0x00000014   Code   RO         4116    i.UartExtTxCpltCallback_3  uart_ext.o
    0x0800694c   0x0800694c   0x00000014   Code   RO         4117    i.UartExtTxCpltCallback_4  uart_ext.o
    0x08006960   0x08006960   0x00000014   Code   RO         4118    i.UartExtTxCpltCallback_5  uart_ext.o
    0x08006974   0x08006974   0x00000014   Code   RO         4119    i.UartExtTxCpltCallback_6  uart_ext.o
    0x08006988   0x08006988   0x00000014   Code   RO         4120    i.UartExtTxCpltCallback_7  uart_ext.o
    0x0800699c   0x0800699c   0x00000014   Code   RO         4121    i.UartExtTxCpltCallback_8  uart_ext.o
    0x080069b0   0x080069b0   0x00000014   Code   RO         4122    i.UartExtTxCpltCallback_9  uart_ext.o
    0x080069c4   0x080069c4   0x00000054   Code   RO         3818    i.UartTaskInit      uart_task.o
    0x08006a18   0x08006a18   0x00000004   Code   RO          439    i.UsageFault_Handler  stm32f4xx_it.o
    0x08006a1c   0x08006a1c   0x00000034   Code   RO         4668    i.__0vsnprintf      mc_w.l(printfa.o)
    0x08006a50   0x08006a50   0x00000010   Code   RO         1802    i.__NVIC_GetPriorityGrouping  stm32f4xx_hal_cortex.o
    0x08006a60   0x08006a60   0x00000028   Code   RO         1803    i.__NVIC_SetPriority  stm32f4xx_hal_cortex.o
    0x08006a88   0x08006a88   0x0000000e   Code   RO         4785    i.__scatterload_copy  mc_w.l(handlers.o)
    0x08006a96   0x08006a96   0x00000002   Code   RO         4786    i.__scatterload_null  mc_w.l(handlers.o)
    0x08006a98   0x08006a98   0x0000000e   Code   RO         4787    i.__scatterload_zeroinit  mc_w.l(handlers.o)
    0x08006aa6   0x08006aa6   0x00000002   PAD
    0x08006aa8   0x08006aa8   0x0000000c   Code   RO         4765    i.__set_errno       mc_w.l(errno.o)
    0x08006ab4   0x08006ab4   0x00000184   Code   RO         4670    i._fp_digits        mc_w.l(printfa.o)
    0x08006c38   0x08006c38   0x000006b4   Code   RO         4671    i._printf_core      mc_w.l(printfa.o)
    0x080072ec   0x080072ec   0x00000024   Code   RO         4672    i._printf_post_padding  mc_w.l(printfa.o)
    0x08007310   0x08007310   0x0000002e   Code   RO         4673    i._printf_pre_padding  mc_w.l(printfa.o)
    0x0800733e   0x0800733e   0x00000016   Code   RO         4674    i._snputc           mc_w.l(printfa.o)
    0x08007354   0x08007354   0x00000084   Code   RO         4071    i.cCarIsRacing      frequency_meter_task.o
    0x080073d8   0x080073d8   0x00000050   Code   RO         4690    i.free              mc_w.l(malloc.o)
    0x08007428   0x08007428   0x00000044   Code   RO           15    i.main              main.o
    0x0800746c   0x0800746c   0x0000006c   Code   RO         4691    i.malloc            mc_w.l(malloc.o)
    0x080074d8   0x080074d8   0x0000003e   Code   RO         4639    i.sqrtf             m_wm.l(sqrtf.o)
    0x08007516   0x08007516   0x00000008   Data   RO         1501    .constdata          stm32f4xx_hal_dma.o
    0x0800751e   0x0800751e   0x00000018   Data   RO         3565    .constdata          system_stm32f4xx.o
    0x08007536   0x08007536   0x00000002   PAD
    0x08007538   0x08007538   0x000003b0   Data   RO         4387    .constdata          fdacoefs.o
    0x080078e8   0x080078e8   0x00000800   Data   RO         4543    .rodata.armBitRevTable  arm_cortexM4l_math.lib(arm_common_tables.o)
    0x080080e8   0x080080e8   0x00008000   Data   RO         4552    .rodata.twiddleCoef_4096  arm_cortexM4l_math.lib(arm_common_tables.o)
    0x080100e8   0x080100e8   0x00000020   Data   RO         4783    Region$$Table       anon$$obj.o


    Execution Region RW_IRAM1 (Exec base: 0x20000000, Load base: 0x08010108, Size: 0x00013a90, Max: 0x00020000, ABSOLUTE)

    Exec Addr    Load Addr    Size         Type   Attr      Idx    E Section Name        Object

    0x20000000   0x08010108   0x00000002   Data   RW          370    .data               usart.o
    0x20000002   0x0801010a   0x00000002   PAD
    0x20000004   0x0801010c   0x00000009   Data   RW         1951    .data               stm32f4xx_hal.o
    0x2000000d   0x08010115   0x00000003   PAD
    0x20000010   0x08010118   0x00000004   Data   RW         3566    .data               system_stm32f4xx.o
    0x20000014   0x0801011c   0x00000004   PAD
    0x20000018   0x08010120   0x0000002a   Data   RW         3748    .data               ads1299_task.o
    0x20000042   0x0801014a   0x00000002   PAD
    0x20000044   0x0801014c   0x00000008   Data   RW         3858    .data               dip_task.o
    0x2000004c   0x08010154   0x00000005   Data   RW         3900    .data               getstimulation_task.o
    0x20000051   0x08010159   0x00000003   PAD
    0x20000054   0x0801015c   0x00000044   Data   RW         4125    .data               uart_ext.o
    0x20000098   0x080101a0   0x00000004   Data   RW         4761    .data               mc_w.l(mvars.o)
    0x2000009c   0x080101a4   0x00000004   Data   RW         4762    .data               mc_w.l(mvars.o)
    0x200000a0   0x080101a8   0x00000004   Data   RW         4766    .data               mc_w.l(errno.o)
    0x200000a4        -       0x00000058   Zero   RW          240    .bss                spi.o
    0x200000fc        -       0x00000168   Zero   RW          289    .bss                tim.o
    0x20000264        -       0x0000021c   Zero   RW          369    .bss                usart.o
    0x20000480        -       0x000000e0   Zero   RW         3693    .bss                task.o
    0x20000560        -       0x00001470   Zero   RW         3747    .bss                ads1299_task.o
    0x200019d0        -       0x00000014   Zero   RW         3819    .bss                uart_task.o
    0x200019e4        -       0x00000040   Zero   RW         4003    .bss                bluetooth_task.o
    0x20001a24        -       0x00000040   Zero   RW         4124    .bss                uart_ext.o
    0x20001a64        -       0x00000028   Zero   RW         4316    .bss                task_scheduler.o
    0x20001a8c   0x080101ac   0x00000004   PAD
    0x20001a90        -       0x00009000   Zero   RW            2    HEAP                startup_stm32f446xx.o
    0x2000aa90        -       0x00009000   Zero   RW            1    STACK               startup_stm32f446xx.o


==============================================================================

Image component sizes


      Code (inc. data)   RO Data    RW Data    ZI Data      Debug   Object Name

       676         56          0          0          0       4510   ads1299.o
      1180         96          0         42       5232      11964   ads1299_task.o
       162         46          0          0         64       2414   bluetooth_task.o
        56          4          0          0          0        562   delay.o
        96         22          0          8          0       1300   dip_task.o
       104          6          0          0          0        838   dma.o
       668          8        944          0          0       7392   fdacoefs.o
       524         26          0          0          0       2230   frequency_meter_task.o
       588         30          0          5          0      18463   getstimulation_task.o
       372         18          0          0          0       1139   gpio.o
         0          0          0          0          0       2028   log_task.o
       254         10          0          0          0     729753   main.o
       502          0          0          0          0       6707   ring_buffer.o
       220         22          0          0         88       1729   spi.o
        36          8        452          0      73728        848   startup_stm32f446xx.o
       112         22          0          0          0        639   stimulation_task.o
       172         32          0          9          0       8705   stm32f4xx_hal.o
       372         28          0          0          0      35301   stm32f4xx_hal_cortex.o
      1436         16          8          0          0       7138   stm32f4xx_hal_dma.o
       560         44          0          0          0       4131   stm32f4xx_hal_gpio.o
        72          4          0          0          0        882   stm32f4xx_hal_msp.o
       464         46          0          0          0       3354   stm32f4xx_hal_rcc.o
      1536         40          0          0          0       2858   stm32f4xx_hal_rcc_ex.o
      2402         20          0          0          0      10902   stm32f4xx_hal_spi.o
      2182        150          0          0          0      14228   stm32f4xx_hal_tim.o
       296         30          0          0          0       2196   stm32f4xx_hal_tim_ex.o
      2740         82          0          0          0      18748   stm32f4xx_hal_uart.o
       156         38          0          0          0       7930   stm32f4xx_it.o
        20          6         24          4          0       1163   system_stm32f4xx.o
       232         58          0          0        224       1015   task.o
       488         20          0          0         40       4459   task_scheduler.o
      1264         98          0          0        360       6136   tim.o
       646         78          0         68         64      12062   uart_ext.o
       124         20          0          0         20       1479   uart_task.o
       888         88          0          2        540       4075   usart.o

    ----------------------------------------------------------------------
     21632       1272       1462        152      80364     939278   Object Totals
         0          0         32          0          0          0   (incl. Generated)
        32          0          2         14          4          0   (incl. Padding)

    ----------------------------------------------------------------------

      Code (inc. data)   RO Data    RW Data    ZI Data      Debug   Library Member Name

       174          0          0          0          0       2571   arm_bitreversal.o
      2884          0          0          0          0       6486   arm_cfft_radix4_f32.o
       124          0          0          0          0       1574   arm_cfft_radix4_init_f32.o
       232          0          0          0          0       1739   arm_cmplx_mag_f32.o
         0          0      34816          0          0       4961   arm_common_tables.o
        62          0          0          0          0        136   sqrtf.o
         0          0          0          0          0          0   entry.o
         0          0          0          0          0          0   entry10a.o
         0          0          0          0          0          0   entry11a.o
         4          0          0          0          0          0   entry12b.o
         8          4          0          0          0          0   entry2.o
         4          0          0          0          0          0   entry5.o
         0          0          0          0          0          0   entry7b.o
         0          0          0          0          0          0   entry8b.o
         8          4          0          0          0          0   entry9a.o
        12          6          0          4          0         68   errno.o
        30          0          0          0          0          0   handlers.o
        36          8          0          0          0         68   init.o
         0          0          0          0          0          0   iusefp.o
        30          0          0          0          0         68   llshl.o
        36          0          0          0          0         68   llsshr.o
        32          0          0          0          0         68   llushr.o
       188         20          0          0          0        160   malloc.o
        36          0          0          0          0         68   memcpya.o
        36          0          0          0          0        108   memseta.o
         0          0          0          8          0          0   mvars.o
      2260         86          0          0          0        528   printfa.o
        44          0          0          0          0         80   uidiv.o
        98          0          0          0          0         92   uldiv.o
        48          0          0          0          0         68   cdrcmple.o
       334          0          0          0          0        148   dadd.o
       222          0          0          0          0        100   ddiv.o
       186          0          0          0          0        176   depilogue.o
        62          0          0          0          0         80   dfixi.o
        48          0          0          0          0         68   dfixul.o
        34          0          0          0          0         76   dflti.o
       228          0          0          0          0         96   dmul.o
       176          0          0          0          0        140   fadd.o
       110          0          0          0          0        168   fepilogue.o
       100          0          0          0          0         76   fmul.o

    ----------------------------------------------------------------------
      7890        128      34816         12          0      20039   Library Totals
         4          0          0          0          0          0   (incl. Padding)

    ----------------------------------------------------------------------

      Code (inc. data)   RO Data    RW Data    ZI Data      Debug   Library Name

      3414          0      34816          0          0      17331   arm_cortexM4l_math.lib
        62          0          0          0          0        136   m_wm.l
      2862        128          0         12          0       1376   mc_w.l
      1548          0          0          0          0       1196   mf_w.l

    ----------------------------------------------------------------------
      7890        128      34816         12          0      20039   Library Totals

    ----------------------------------------------------------------------

==============================================================================


      Code (inc. data)   RO Data    RW Data    ZI Data      Debug   

     29522       1400      36278        164      80364     940421   Grand Totals
     29522       1400      36278        164      80364     940421   ELF Image Totals
     29522       1400      36278        164          0          0   ROM Totals

==============================================================================

    Total RO  Size (Code + RO Data)                65800 (  64.26kB)
    Total RW  Size (RW Data + ZI Data)             80528 (  78.64kB)
    Total ROM Size (Code + RO Data + RW Data)      65964 (  64.42kB)

==============================================================================

